Microchip MPLAB XC8 Compiler V2.31

Linker command line:

-W-3 --edf=C:\Program Files\Microchip\xc8\v2.31\pic\dat\en_msgs.txt -cn \
  -h+dist/default/production\LAB3.X.production.sym \
  --cmf=dist/default/production\LAB3.X.production.cmf -z -Q16F887 \
  -oC:\Users\flope\AppData\Local\Temp\s4rg.2 --defsym=__MPLAB_BUILD=1 \
  -Mdist/default/production/LAB3.X.production.map -E1 -ver=XC8 Compiler \
  --acfsm=1493 -ASTACK=0110h-016Fh -pstack=STACK -ACODE=00h-07FFhx4 \
  -ASTRCODE=00h-01FFFh -ASTRING=00h-0FFhx32 -ACONST=00h-0FFhx32 \
  -AENTRY=00h-0FFhx32 -ACOMMON=070h-07Fh -ABANK0=020h-06Fh \
  -ABANK1=0A0h-0EFh -ABANK2=0110h-016Fh -ABANK3=0190h-01EFh \
  -ARAM=020h-06Fh,0A0h-0EFh,0110h-016Fh,0190h-01EFh \
  -AABS1=020h-07Fh,0A0h-0EFh,0110h-016Fh,0190h-01EFh -ASFR0=00h-01Fh \
  -ASFR1=080h-09Fh -ASFR2=0100h-010Fh -ASFR3=0180h-018Fh \
  -ACONFIG=02007h-02008h -DCONFIG=2 -AIDLOC=02000h-02003h -DIDLOC=2 \
  -AEEDATA=00h-0FFh/02100h -peeprom_data=EEDATA -DEEDATA=2 -DCODE=2 \
  -DSTRCODE=2 -DSTRING=2 -DCONST=2 -DENTRY=2 \
  -preset_vec=00h,intentry=04h,init,end_init -ppowerup=CODE -pcinit=CODE \
  -pfunctab=ENTRY -k C:\Users\flope\AppData\Local\Temp\s4rg.o \
  dist/default/production\LAB3.X.production.o 

Object code version is 3.11

Machine type is 16F887



                Name                               Link     Load   Length Selector   Space Scale
C:\Users\flope\AppData\Local\Temp\s4rg.o
                end_init                             10       10        3        8       0
                reset_vec                             0        0        3        0       0
                config                             2007     2007        2        0       4
dist/default/production\LAB3.X.production.o
                cinit                                13       13       15        8       0
                intentry                              4        4        C        8       0
                config                             2007     2007        2        0       4
                text23                              532      532       44        8       0
                text22                              638      638       3A        8       0
                text21                              402      402       72        8       0
                text20                              712      712       26        8       0
                text19                              7DB      7DB       19      EB6       0
                text18                              77E      77E       20      EB6       0
                text17                              7F4      7F4        B      EB6       0
                text16                              FEC      FEC       14     1FD8       0
                text15                              5B9      5B9       43        8       0
                text14                              79E      79E       1F      EB6       0
                text13                              576      576       43        8       0
                text12                              69D      69D       28        8       0
                text11                              FD9      FD9       13     1FB2       0
                text10                              377      377       8B        8       0
                text9                               4D3      4D3       5F        8       0
                text8                               6C5      6C5       27        8       0
                text7                               474      474       5F        8       0
                text6                               5FC      5FC       3C        8       0
                text5                               2CD      2CD       AA        8       0
                text4                               6EC      6EC       26        8       0
                text3                               7BD      7BD       1E      EB6       0
                text2                               672      672       2B        8       0
                text1                               75B      75B       23      EB6       0
                maintext                             28       28      2A5        8       0
                cstackBANK0                          44       44       19       20       1
                cstackCOMMON                         70       70        E       70       1
                cstackBANK1                          C3       C3       14       A0       1
                clrtext                             FD1      FD1        8     1FA2       0
                bssBANK1                             A0       A0       23       A0       1
                bssBANK0                             20       20       24       20       1
                strings                             738      738       23      E70       0

TOTAL           Name                               Link     Load   Length     Space
        CLASS   STACK          

        CLASS   CODE           
                end_init                             10       10        3         0
                cinit                                13       13       15         0
                intentry                              4        4        C         0
                reset_vec                             0        0        3         0
                text23                              532      532       44         0
                text22                              638      638       3A         0
                text21                              402      402       72         0
                text20                              712      712       26         0
                text19                              7DB      7DB       19         0
                text18                              77E      77E       20         0
                text17                              7F4      7F4        B         0
                text16                              FEC      FEC       14         0
                text15                              5B9      5B9       43         0
                text14                              79E      79E       1F         0
                text13                              576      576       43         0
                text12                              69D      69D       28         0
                text11                              FD9      FD9       13         0
                text10                              377      377       8B         0
                text9                               4D3      4D3       5F         0
                text8                               6C5      6C5       27         0
                text7                               474      474       5F         0
                text6                               5FC      5FC       3C         0
                text5                               2CD      2CD       AA         0
                text4                               6EC      6EC       26         0
                text3                               7BD      7BD       1E         0
                text2                               672      672       2B         0
                text1                               75B      75B       23         0
                maintext                             28       28      2A5         0
                clrtext                             FD1      FD1        8         0

        CLASS   STRCODE        

        CLASS   STRING         
                strings                             738      738       23         0

        CLASS   CONST          

        CLASS   ENTRY          

        CLASS   COMMON         
                cstackCOMMON                         70       70        E         1

        CLASS   BANK0          
                cstackBANK0                          44       44       19         1
                bssBANK0                             20       20       24         1

        CLASS   BANK1          
                cstackBANK1                          C3       C3       14         1
                bssBANK1                             A0       A0       23         1

        CLASS   BANK2          

        CLASS   BANK3          

        CLASS   RAM            

        CLASS   ABS1           
                abs_s1                               7E       7E        2         1

        CLASS   SFR0           

        CLASS   SFR1           

        CLASS   SFR2           

        CLASS   SFR3           

        CLASS   CONFIG         
                config                             2007     2007        2         4

        CLASS   IDLOC          

        CLASS   EEDATA         



SEGMENTS        Name                           Load    Length   Top    Selector   Space  Class     Delta

                reset_vec                      000000  000003  000003         0       0  CODE        2
                intentry                       000004  000734  000738         8       0  CODE        2
                bssBANK0                       000020  00003D  00005D        20       1  BANK0       1
                cstackCOMMON                   000070  00000E  00007E        70       1  COMMON      1
                bssBANK1                       0000A0  000037  0000D7        A0       1  BANK1       1
                strings                        000738  000023  00075B       E70       0  STRING      2
                text1                          00075B  0000A4  0007FF       EB6       0  CODE        2
                clrtext                        000FD1  000008  000FD9      1FA2       0  CODE        2
                text11                         000FD9  000013  000FEC      1FB2       0  CODE        2
                text16                         000FEC  000014  001000      1FD8       0  CODE        2


UNUSED ADDRESS RANGES

        Name                Unused          Largest block    Delta
        BANK0            005D-006F             13           1
        BANK1            00D7-00EF             19           1
        BANK2            0110-016F             60           1
        BANK3            0190-01EF             60           1
        CODE             0003-0003              1           2
                         07FF-0FD0              1
                         1000-1FFF            800
        CONST            0003-0003              1           2
                         07FF-0FD0            100
                         1000-1FFF            100
        EEDATA           2100-21FF            100           2
        ENTRY            0003-0003              1           2
                         07FF-0FD0            100
                         1000-1FFF            100
        IDLOC            2000-2003              4           2
        RAM              005D-006F             13           1
                         00D7-00EF             19
                         0110-016F             60
                         0190-01EF             60
        SFR0             0000-001F             20           1
        SFR1             0080-009F             20           1
        SFR2             0100-010F             10           1
        SFR3             0180-018F             10           1
        STACK            0110-016F             60           1
        STRCODE          0003-0003              1           2
                         07FF-0FD0            7D2
                         1000-1FFF           1000
        STRING           0003-0003              1           2
                         07FF-0FD0            100
                         1000-1FFF            100

                                  Symbol Table

?___awdiv                  cstackBANK0  0057
?___awmod                  cstackBANK1  00C7
?___lwdiv                  cstackBANK0  0057
?___lwmod                  cstackBANK0  0057
?___wmul                   cstackBANK0  0057
?i1___lwdiv                cstackCOMMON 0070
?i1___lwmod                cstackCOMMON 0070
ADC_Read@a                 cstackBANK0  0059
ADC_Read@b                 cstackBANK0  0057
ADC_Read@c                 cstackBANK0  0058
CONTADOR@a                 cstackBANK0  0050
CONTADOR@n                 cstackBANK0  004E
Lcd_Cmd@a                  cstackBANK0  0059
Lcd_Write_Char@a           cstackBANK0  0059
Lcd_Write_String@a         cstackBANK0  005A
_ADCON0bits                (abs)        001F
_ADCON1bits                (abs)        009F
_ADC_Init                  text17       07F4
_ADC_Read                  text16       0FEC
_ADRESH                    (abs)        001E
_ANSEL                     (abs)        0188
_ANSELH                    (abs)        0189
_COMPARE                   bssBANK1     00A0
_CONTADOR                  text19       07DB
_Destination               bssBANK0     0034
_INTCONbits                (abs)        000B
_ISR                       text18       077E
_Lcd_Cmd                   text15       05B9
_Lcd_Init                  text14       079E
_Lcd_Write_Char            text13       0576
_Lcd_Write_String          text12       069D
_O                         bssBANK0     0036
_OSCCONbits                (abs)        008F
_PIE1bits                  (abs)        008C
_PIR1bits                  (abs)        000C
_PORTA                     (abs)        0005
_PORTB                     (abs)        0006
_PORTC                     (abs)        0007
_PORTD                     (abs)        0008
_PORTE                     (abs)        0009
_POT1A                     bssBANK0     002E
_POT1B                     bssBANK0     002C
_POT1C                     bssBANK0     002A
_POT1SA                    bssBANK1     00BE
_POT1SB                    bssBANK0     003F
_POT1SC                    bssBANK0     003A
_POT2A                     bssBANK0     0024
_POT2B                     bssBANK0     0022
_POT2C                     bssBANK0     0020
_POT2SA                    bssBANK1     00B4
_POT2SB                    bssBANK1     00AF
_POT2SC                    bssBANK1     00AA
_PUNTO1                    bssBANK1     00B9
_PUNTO2                    bssBANK1     00A5
_RCIF                      (abs)        0065
_RCREG                     (abs)        001A
_RCSTAbits                 (abs)        0018
_RE0                       (abs)        0048
_RE1                       (abs)        0049
_RE2                       (abs)        004A
_SERIAL_Init               text11       0FD9
_SPBRG                     (abs)        0099
_TRISA                     (abs)        0085
_TRISB                     (abs)        0086
_TRISD                     (abs)        0088
_TRISE                     (abs)        0089
_TRMT                      (abs)        04C1
_TXREG                     (abs)        0019
_TXSTAbits                 (abs)        0098
_V1                        bssBANK0     0030
_V2                        bssBANK0     0026
__Habs1                    abs1         0000
__Hbank0                   bank0        0000
__Hbank1                   bank1        0000
__Hbank2                   bank2        0000
__Hbank3                   bank3        0000
__HbssBANK0                bssBANK0     0000
__HbssBANK1                bssBANK1     0000
__Hcinit                   cinit        0028
__Hclrtext                 clrtext      0000
__Hcode                    code         0000
__Hcommon                  common       0000
__Hconfig                  config       2009
__HcstackBANK0             cstackBANK0  0000
__HcstackBANK1             cstackBANK1  0000
__HcstackCOMMON            cstackCOMMON 0000
__Heeprom_data             eeprom_data  0000
__Hend_init                end_init     0013
__Hfunctab                 functab      0000
__Hinit                    init         0010
__Hintentry                intentry     0010
__Hmaintext                maintext     0000
__Hpowerup                 powerup      0000
__Hram                     ram          0000
__Hreset_vec               reset_vec    0003
__Hsfr0                    sfr0         0000
__Hsfr1                    sfr1         0000
__Hsfr2                    sfr2         0000
__Hsfr3                    sfr3         0000
__Hspace_0                 (abs)        1000
__Hspace_1                 (abs)        00D7
__Hspace_2                 (abs)        0000
__Hspace_3                 (abs)        0000
__Hspace_4                 (abs)        4010
__Hstack                   stack        0000
__Hstrings                 strings      0000
__Htext                    text         0000
__Labs1                    abs1         0000
__Lbank0                   bank0        0000
__Lbank1                   bank1        0000
__Lbank2                   bank2        0000
__Lbank3                   bank3        0000
__LbssBANK0                bssBANK0     0000
__LbssBANK1                bssBANK1     0000
__Lcinit                   cinit        0013
__Lclrtext                 clrtext      0000
__Lcode                    code         0000
__Lcommon                  common       0000
__Lconfig                  config       0000
__LcstackBANK0             cstackBANK0  0000
__LcstackBANK1             cstackBANK1  0000
__LcstackCOMMON            cstackCOMMON 0000
__Leeprom_data             eeprom_data  0000
__Lend_init                end_init     0010
__Lfunctab                 functab      0000
__Linit                    init         0010
__Lintentry                intentry     0004
__Lmaintext                maintext     0000
__Lpowerup                 powerup      0000
__Lram                     ram          0000
__Lreset_vec               reset_vec    0000
__Lsfr0                    sfr0         0000
__Lsfr1                    sfr1         0000
__Lsfr2                    sfr2         0000
__Lsfr3                    sfr3         0000
__Lspace_0                 (abs)        0000
__Lspace_1                 (abs)        0000
__Lspace_2                 (abs)        0000
__Lspace_3                 (abs)        0000
__Lspace_4                 (abs)        0000
__Lstack                   stack        0000
__Lstrings                 strings      0000
__Ltext                    text         0000
__S0                       (abs)        1000
__S1                       (abs)        00D7
__S2                       (abs)        0000
__S3                       (abs)        0000
___awdiv                   text10       0377
___awdiv@counter           cstackBANK1  00C3
___awdiv@dividend          cstackBANK0  0059
___awdiv@divisor           cstackBANK0  0057
___awdiv@quotient          cstackBANK1  00C5
___awdiv@sign              cstackBANK1  00C4
___awmod                   text9        04D3
___awmod@counter           cstackBANK1  00CB
___awmod@dividend          cstackBANK1  00C9
___awmod@divisor           cstackBANK1  00C7
___awmod@sign              cstackBANK1  00CC
___int_sp                  stack        0000
___latbits                 (abs)        0002
___lwdiv                   text7        0474
___lwdiv@counter           cstackBANK1  00C3
___lwdiv@dividend          cstackBANK0  0059
___lwdiv@divisor           cstackBANK0  0057
___lwdiv@quotient          cstackBANK1  00C4
___lwmod                   text6        05FC
___lwmod@counter           cstackBANK0  005C
___lwmod@dividend          cstackBANK0  0059
___lwmod@divisor           cstackBANK0  0057
___sp                      stack        0000
___stackhi                 (abs)        0000
___stacklo                 (abs)        0000
___wmul                    text8        06C5
___wmul@multiplicand       cstackBANK0  0059
___wmul@multiplier         cstackBANK0  0057
___wmul@product            cstackBANK0  005B
__end_of_ADC_Init          text17       07FF
__end_of_ADC_Read          text16       1000
__end_of_CONTADOR          text19       07F4
__end_of_ISR               text18       079E
__end_of_Lcd_Cmd           text15       05FC
__end_of_Lcd_Init          text14       07BD
__end_of_Lcd_Write_Char    text13       05B9
__end_of_Lcd_Write_String  text12       06C5
__end_of_SERIAL_Init       text11       0FEC
__end_of___awdiv           text10       0402
__end_of___awmod           text9        0532
__end_of___lwdiv           text7        04D3
__end_of___lwmod           text6        0638
__end_of___wmul            text8        06EC
__end_of__initialization   cinit        0024
__end_of__stringtab        strings      0748
__end_of_itoa              text4        0712
__end_of_main              maintext     02CD
__end_of_setup             text3        07DB
__end_of_strcat            text2        069D
__end_of_strcpy            text1        077E
__end_of_utoa              text5        0377
__end_ofi1___lwdiv         text23       0576
__end_ofi1___lwmod         text22       0672
__end_ofi1_itoa            text20       0738
__end_ofi1_utoa            text21       0474
__initialization           cinit        0013
__pbssBANK0                bssBANK0     0020
__pbssBANK1                bssBANK1     00A0
__pcstackBANK0             cstackBANK0  0044
__pcstackBANK1             cstackBANK1  00C3
__pcstackCOMMON            cstackCOMMON 0070
__pintentry                intentry     0004
__pmaintext                maintext     0028
__pstrings                 strings      0738
__ptext1                   text1        075B
__ptext10                  text10       0377
__ptext11                  text11       0FD9
__ptext12                  text12       069D
__ptext13                  text13       0576
__ptext14                  text14       079E
__ptext15                  text15       05B9
__ptext16                  text16       0FEC
__ptext17                  text17       07F4
__ptext18                  text18       077E
__ptext19                  text19       07DB
__ptext2                   text2        0672
__ptext20                  text20       0712
__ptext21                  text21       0402
__ptext22                  text22       0638
__ptext23                  text23       0532
__ptext3                   text3        07BD
__ptext4                   text4        06EC
__ptext5                   text5        02CD
__ptext6                   text6        05FC
__ptext7                   text7        0474
__ptext8                   text8        06C5
__ptext9                   text9        04D3
__size_of_ADC_Init         (abs)        0000
__size_of_ADC_Read         (abs)        0000
__size_of_CONTADOR         (abs)        0000
__size_of_ISR              (abs)        0000
__size_of_Lcd_Cmd          (abs)        0000
__size_of_Lcd_Init         (abs)        0000
__size_of_Lcd_Write_Char   (abs)        0000
__size_of_Lcd_Write_String (abs)        0000
__size_of_SERIAL_Init      (abs)        0000
__size_of___awdiv          (abs)        0000
__size_of___awmod          (abs)        0000
__size_of___lwdiv          (abs)        0000
__size_of___lwmod          (abs)        0000
__size_of___wmul           (abs)        0000
__size_of_itoa             (abs)        0000
__size_of_main             (abs)        0000
__size_of_setup            (abs)        0000
__size_of_strcat           (abs)        0000
__size_of_strcpy           (abs)        0000
__size_of_utoa             (abs)        0000
__size_ofi1___lwdiv        (abs)        0000
__size_ofi1___lwmod        (abs)        0000
__size_ofi1_itoa           (abs)        0000
__size_ofi1_utoa           (abs)        0000
__stringbase               strings      0747
__stringtab                strings      0738
_itoa                      text4        06EC
_main                      maintext     0028
_setup                     text3        07BD
_strcat                    text2        0672
_strcpy                    text1        075B
_utoa                      text5        02CD
_voltaje                   bssBANK0     0032
_voltaje2                  bssBANK0     0028
btemp                      (abs)        007E
clear_ram0                 clrtext      0FD1
end_of_initialization      cinit        0024
i1___lwdiv                 text23       0532
i1___lwdiv@counter         cstackCOMMON 0077
i1___lwdiv@dividend        cstackCOMMON 0072
i1___lwdiv@divisor         cstackCOMMON 0070
i1___lwdiv@quotient        cstackCOMMON 0075
i1___lwmod                 text22       0638
i1___lwmod@counter         cstackCOMMON 0075
i1___lwmod@dividend        cstackCOMMON 0072
i1___lwmod@divisor         cstackCOMMON 0070
i1_itoa                    text20       0712
i1_utoa                    text21       0402
i1itoa@base                cstackBANK0  004A
i1itoa@buf                 cstackBANK0  004D
i1itoa@val                 cstackBANK0  0048
i1utoa@base                cstackCOMMON 007A
i1utoa@buf                 cstackBANK0  0047
i1utoa@c                   cstackBANK0  0046
i1utoa@v                   cstackBANK0  0044
i1utoa@val                 cstackCOMMON 0078
interrupt_function         intentry     0004
intlevel0                  functab      0000
intlevel1                  functab      0000
intlevel2                  functab      0000
intlevel3                  functab      0000
intlevel4                  functab      0000
intlevel5                  functab      0000
itoa@base                  cstackBANK1  00D1
itoa@buf                   cstackBANK1  00D5
itoa@val                   cstackBANK1  00CF
reset_vec                  reset_vec    0000
saved_w                    (abs)        007E
start                      init         0010
start_initialization       cinit        0013
strcat@cp                  cstackBANK0  0059
strcat@from                cstackBANK0  0057
strcat@to                  cstackBANK0  005A
strcpy@cp                  cstackBANK0  0059
strcpy@from                cstackBANK0  0057
strcpy@to                  cstackBANK0  005A
utoa@base                  cstackBANK1  00C8
utoa@buf                   cstackBANK1  00CE
utoa@c                     cstackBANK1  00CD
utoa@v                     cstackBANK1  00CB
utoa@val                   cstackBANK1  00C6
wtemp0                     (abs)        007E


FUNCTION INFORMATION:

 *************** function _main *****************
 Defined at:
		line 95 in file "LAB3.c"
 Parameters:    Size  Location     Type
		None
 Auto vars:     Size  Location     Type
		None
 Return value:  Size  Location     Type
                  1    wreg      void 
 Registers used:
		wreg, fsr0l, fsr0h, status,2, status,0, btemp+1, pclath, cstack
 Tracked objects:
		On entry : 
		On exit  : 
		Unchanged: 
 Data sizes:     COMMON   BANK0   BANK1   BANK3   BANK2
      Params:         0       0       0       0       0
      Locals:         0       0       0       0       0
      Temps:          0       0       1       0       0
      Totals:         0       0       1       0       0
Total ram usage:        1 bytes
 Hardware stack levels required when called:    8
 This function calls:
		_ADC_Init
		_ADC_Read
		_Lcd_Cmd
		_Lcd_Init
		_Lcd_Write_String
		_SERIAL_Init
		___awdiv
		___awmod
		___wmul
		_itoa
		_setup
		_strcat
		_strcpy
 This function is called by:
		Startup code after reset
 This function uses a non-reentrant model


 *************** function _strcpy *****************
 Defined at:
		line 8 in file "C:\Program Files\Microchip\xc8\v2.31\pic\sources\c90\common\strcpy.c"
 Parameters:    Size  Location     Type
  to              1    wreg     PTR unsigned char 
		 -> PUNTO2(5), PUNTO1(5), 
  from            1   19[BANK0 ] PTR const unsigned char 
		 -> STR_3(2), STR_2(2), 
 Auto vars:     Size  Location     Type
  to              1   22[BANK0 ] PTR unsigned char 
		 -> PUNTO2(5), PUNTO1(5), 
  cp              1   21[BANK0 ] PTR unsigned char 
		 -> PUNTO2(5), PUNTO1(5), 
 Return value:  Size  Location     Type
                  1    wreg      PTR unsigned char 
 Registers used:
		wreg, fsr0l, fsr0h, status,2, status,0, pclath
 Tracked objects:
		On entry : 
		On exit  : 
		Unchanged: 
 Data sizes:     COMMON   BANK0   BANK1   BANK3   BANK2
      Params:         0       1       0       0       0
      Locals:         0       2       0       0       0
      Temps:          0       1       0       0       0
      Totals:         0       4       0       0       0
Total ram usage:        4 bytes
 Hardware stack levels used:    1
 Hardware stack levels required when called:    5
 This function calls:
		Nothing
 This function is called by:
		_main
 This function uses a non-reentrant model


 *************** function _strcat *****************
 Defined at:
		line 8 in file "C:\Program Files\Microchip\xc8\v2.31\pic\sources\c90\common\strcat.c"
 Parameters:    Size  Location     Type
  to              1    wreg     PTR unsigned char 
		 -> PUNTO2(5), POT2SC(5), POT2SB(5), PUNTO1(5), 
		 -> POT1SC(5), POT1SB(5), 
  from            1   19[BANK0 ] PTR const unsigned char 
		 -> PUNTO2(5), POT2SB(5), POT2SA(5), PUNTO1(5), 
		 -> POT1SB(5), POT1SA(5), 
 Auto vars:     Size  Location     Type
  to              1   22[BANK0 ] PTR unsigned char 
		 -> PUNTO2(5), POT2SC(5), POT2SB(5), PUNTO1(5), 
		 -> POT1SC(5), POT1SB(5), 
  cp              1   21[BANK0 ] PTR unsigned char 
		 -> PUNTO2(5), POT2SC(5), POT2SB(5), PUNTO1(5), 
		 -> POT1SC(5), POT1SB(5), 
 Return value:  Size  Location     Type
                  1    wreg      PTR unsigned char 
 Registers used:
		wreg, fsr0l, fsr0h, status,2, status,0
 Tracked objects:
		On entry : 
		On exit  : 
		Unchanged: 
 Data sizes:     COMMON   BANK0   BANK1   BANK3   BANK2
      Params:         0       1       0       0       0
      Locals:         0       2       0       0       0
      Temps:          0       1       0       0       0
      Totals:         0       4       0       0       0
Total ram usage:        4 bytes
 Hardware stack levels used:    1
 Hardware stack levels required when called:    5
 This function calls:
		Nothing
 This function is called by:
		_main
 This function uses a non-reentrant model


 *************** function _setup *****************
 Defined at:
		line 157 in file "LAB3.c"
 Parameters:    Size  Location     Type
		None
 Auto vars:     Size  Location     Type
		None
 Return value:  Size  Location     Type
                  1    wreg      void 
 Registers used:
		wreg, status,2, status,0
 Tracked objects:
		On entry : 
		On exit  : 
		Unchanged: 
 Data sizes:     COMMON   BANK0   BANK1   BANK3   BANK2
      Params:         0       0       0       0       0
      Locals:         0       0       0       0       0
      Temps:          0       0       0       0       0
      Totals:         0       0       0       0       0
Total ram usage:        0 bytes
 Hardware stack levels used:    1
 Hardware stack levels required when called:    5
 This function calls:
		Nothing
 This function is called by:
		_main
 This function uses a non-reentrant model


 *************** function _itoa *****************
 Defined at:
		line 4 in file "C:\Program Files\Microchip\xc8\v2.31\pic\sources\c90\common\itoa.c"
 Parameters:    Size  Location     Type
  buf             1    wreg     PTR unsigned char 
		 -> POT2SC(5), POT2SB(5), POT2SA(5), POT1SC(5), 
		 -> POT1SB(5), POT1SA(5), COMPARE(5), 
  val             2   12[BANK1 ] int 
  base            2   14[BANK1 ] int 
 Auto vars:     Size  Location     Type
  buf             1   18[BANK1 ] PTR unsigned char 
		 -> POT2SC(5), POT2SB(5), POT2SA(5), POT1SC(5), 
		 -> POT1SB(5), POT1SA(5), COMPARE(5), 
  cp              1    0        PTR unsigned char 
		 -> POT2SC(5), POT2SB(5), POT2SA(5), POT1SC(5), 
		 -> POT1SB(5), POT1SA(5), COMPARE(5), 
 Return value:  Size  Location     Type
                  1    wreg      PTR unsigned char 
 Registers used:
		wreg, fsr0l, fsr0h, status,2, status,0, pclath, cstack
 Tracked objects:
		On entry : 
		On exit  : 
		Unchanged: 
 Data sizes:     COMMON   BANK0   BANK1   BANK3   BANK2
      Params:         0       0       4       0       0
      Locals:         0       0       2       0       0
      Temps:          0       0       1       0       0
      Totals:         0       0       7       0       0
Total ram usage:        7 bytes
 Hardware stack levels used:    1
 Hardware stack levels required when called:    7
 This function calls:
		_utoa
 This function is called by:
		_main
 This function uses a non-reentrant model


 *************** function _utoa *****************
 Defined at:
		line 17 in file "C:\Program Files\Microchip\xc8\v2.31\pic\sources\c90\common\itoa.c"
 Parameters:    Size  Location     Type
  buf             1    wreg     PTR unsigned char 
		 -> POT2SC(5), POT2SB(5), POT2SA(5), POT1SC(5), 
		 -> POT1SB(5), POT1SA(5), COMPARE(5), 
  val             2    3[BANK1 ] unsigned int 
  base            2    5[BANK1 ] int 
 Auto vars:     Size  Location     Type
  buf             1   11[BANK1 ] PTR unsigned char 
		 -> POT2SC(5), POT2SB(5), POT2SA(5), POT1SC(5), 
		 -> POT1SB(5), POT1SA(5), COMPARE(5), 
  v               2    8[BANK1 ] unsigned int 
  c               1   10[BANK1 ] unsigned char 
 Return value:  Size  Location     Type
                  1    wreg      PTR unsigned char 
 Registers used:
		wreg, fsr0l, fsr0h, status,2, status,0, pclath, cstack
 Tracked objects:
		On entry : 
		On exit  : 
		Unchanged: 
 Data sizes:     COMMON   BANK0   BANK1   BANK3   BANK2
      Params:         0       0       4       0       0
      Locals:         0       0       4       0       0
      Temps:          0       0       1       0       0
      Totals:         0       0       9       0       0
Total ram usage:        9 bytes
 Hardware stack levels used:    1
 Hardware stack levels required when called:    6
 This function calls:
		___lwdiv
		___lwmod
 This function is called by:
		_itoa
 This function uses a non-reentrant model


 *************** function ___lwmod *****************
 Defined at:
		line 5 in file "C:\Program Files\Microchip\xc8\v2.31\pic\sources\c90\common\lwmod.c"
 Parameters:    Size  Location     Type
  divisor         2   19[BANK0 ] unsigned int 
  dividend        2   21[BANK0 ] unsigned int 
 Auto vars:     Size  Location     Type
  counter         1   24[BANK0 ] unsigned char 
 Return value:  Size  Location     Type
                  2   19[BANK0 ] unsigned int 
 Registers used:
		wreg, status,2, status,0
 Tracked objects:
		On entry : 
		On exit  : 
		Unchanged: 
 Data sizes:     COMMON   BANK0   BANK1   BANK3   BANK2
      Params:         0       4       0       0       0
      Locals:         0       1       0       0       0
      Temps:          0       1       0       0       0
      Totals:         0       6       0       0       0
Total ram usage:        6 bytes
 Hardware stack levels used:    1
 Hardware stack levels required when called:    5
 This function calls:
		Nothing
 This function is called by:
		_utoa
 This function uses a non-reentrant model


 *************** function ___lwdiv *****************
 Defined at:
		line 5 in file "C:\Program Files\Microchip\xc8\v2.31\pic\sources\c90\common\lwdiv.c"
 Parameters:    Size  Location     Type
  divisor         2   19[BANK0 ] unsigned int 
  dividend        2   21[BANK0 ] unsigned int 
 Auto vars:     Size  Location     Type
  quotient        2    1[BANK1 ] unsigned int 
  counter         1    0[BANK1 ] unsigned char 
 Return value:  Size  Location     Type
                  2   19[BANK0 ] unsigned int 
 Registers used:
		wreg, status,2, status,0
 Tracked objects:
		On entry : 
		On exit  : 
		Unchanged: 
 Data sizes:     COMMON   BANK0   BANK1   BANK3   BANK2
      Params:         0       4       0       0       0
      Locals:         0       0       3       0       0
      Temps:          0       1       0       0       0
      Totals:         0       5       3       0       0
Total ram usage:        8 bytes
 Hardware stack levels used:    1
 Hardware stack levels required when called:    5
 This function calls:
		Nothing
 This function is called by:
		_utoa
 This function uses a non-reentrant model


 *************** function ___wmul *****************
 Defined at:
		line 15 in file "C:\Program Files\Microchip\xc8\v2.31\pic\sources\c90\common\Umul16.c"
 Parameters:    Size  Location     Type
  multiplier      2   19[BANK0 ] unsigned int 
  multiplicand    2   21[BANK0 ] unsigned int 
 Auto vars:     Size  Location     Type
  product         2   23[BANK0 ] unsigned int 
 Return value:  Size  Location     Type
                  2   19[BANK0 ] unsigned int 
 Registers used:
		wreg, status,2, status,0
 Tracked objects:
		On entry : 
		On exit  : 
		Unchanged: 
 Data sizes:     COMMON   BANK0   BANK1   BANK3   BANK2
      Params:         0       4       0       0       0
      Locals:         0       2       0       0       0
      Temps:          0       0       0       0       0
      Totals:         0       6       0       0       0
Total ram usage:        6 bytes
 Hardware stack levels used:    1
 Hardware stack levels required when called:    5
 This function calls:
		Nothing
 This function is called by:
		_main
 This function uses a non-reentrant model


 *************** function ___awmod *****************
 Defined at:
		line 5 in file "C:\Program Files\Microchip\xc8\v2.31\pic\sources\c90\common\awmod.c"
 Parameters:    Size  Location     Type
  divisor         2    4[BANK1 ] int 
  dividend        2    6[BANK1 ] int 
 Auto vars:     Size  Location     Type
  sign            1    9[BANK1 ] unsigned char 
  counter         1    8[BANK1 ] unsigned char 
 Return value:  Size  Location     Type
                  2    4[BANK1 ] int 
 Registers used:
		wreg, status,2, status,0
 Tracked objects:
		On entry : 
		On exit  : 
		Unchanged: 
 Data sizes:     COMMON   BANK0   BANK1   BANK3   BANK2
      Params:         0       0       4       0       0
      Locals:         0       0       2       0       0
      Temps:          0       1       0       0       0
      Totals:         0       1       6       0       0
Total ram usage:        7 bytes
 Hardware stack levels used:    1
 Hardware stack levels required when called:    5
 This function calls:
		Nothing
 This function is called by:
		_main
 This function uses a non-reentrant model


 *************** function ___awdiv *****************
 Defined at:
		line 5 in file "C:\Program Files\Microchip\xc8\v2.31\pic\sources\c90\common\awdiv.c"
 Parameters:    Size  Location     Type
  divisor         2   19[BANK0 ] int 
  dividend        2   21[BANK0 ] int 
 Auto vars:     Size  Location     Type
  quotient        2    2[BANK1 ] int 
  sign            1    1[BANK1 ] unsigned char 
  counter         1    0[BANK1 ] unsigned char 
 Return value:  Size  Location     Type
                  2   19[BANK0 ] int 
 Registers used:
		wreg, status,2, status,0
 Tracked objects:
		On entry : 
		On exit  : 
		Unchanged: 
 Data sizes:     COMMON   BANK0   BANK1   BANK3   BANK2
      Params:         0       4       0       0       0
      Locals:         0       0       4       0       0
      Temps:          0       1       0       0       0
      Totals:         0       5       4       0       0
Total ram usage:        9 bytes
 Hardware stack levels used:    1
 Hardware stack levels required when called:    5
 This function calls:
		Nothing
 This function is called by:
		_main
 This function uses a non-reentrant model


 *************** function _SERIAL_Init *****************
 Defined at:
		line 8 in file "UART.c"
 Parameters:    Size  Location     Type
		None
 Auto vars:     Size  Location     Type
		None
 Return value:  Size  Location     Type
                  1    wreg      void 
 Registers used:
		wreg
 Tracked objects:
		On entry : 
		On exit  : 
		Unchanged: 
 Data sizes:     COMMON   BANK0   BANK1   BANK3   BANK2
      Params:         0       0       0       0       0
      Locals:         0       0       0       0       0
      Temps:          0       0       0       0       0
      Totals:         0       0       0       0       0
Total ram usage:        0 bytes
 Hardware stack levels used:    1
 Hardware stack levels required when called:    5
 This function calls:
		Nothing
 This function is called by:
		_main
 This function uses a non-reentrant model


 *************** function _Lcd_Write_String *****************
 Defined at:
		line 83 in file "LCD.c"
 Parameters:    Size  Location     Type
  a               2   22[BANK0 ] PTR unsigned char 
		 -> STR_5(2), STR_4(2), POT2SC(5), POT1SC(5), 
		 -> STR_1(17), COMPARE(5), 
 Auto vars:     Size  Location     Type
		None
 Return value:  Size  Location     Type
                  1    wreg      void 
 Registers used:
		wreg, fsr0l, fsr0h, status,2, status,0, btemp+1, pclath, cstack
 Tracked objects:
		On entry : 
		On exit  : 
		Unchanged: 
 Data sizes:     COMMON   BANK0   BANK1   BANK3   BANK2
      Params:         0       2       0       0       0
      Locals:         0       0       0       0       0
      Temps:          0       0       0       0       0
      Totals:         0       2       0       0       0
Total ram usage:        2 bytes
 Hardware stack levels used:    1
 Hardware stack levels required when called:    6
 This function calls:
		_Lcd_Write_Char
 This function is called by:
		_main
 This function uses a non-reentrant model


 *************** function _Lcd_Write_Char *****************
 Defined at:
		line 60 in file "LCD.c"
 Parameters:    Size  Location     Type
  a               1    wreg     unsigned char 
 Auto vars:     Size  Location     Type
  a               1   21[BANK0 ] unsigned char 
 Return value:  Size  Location     Type
                  1    wreg      void 
 Registers used:
		wreg, status,2, status,0
 Tracked objects:
		On entry : 
		On exit  : 
		Unchanged: 
 Data sizes:     COMMON   BANK0   BANK1   BANK3   BANK2
      Params:         0       0       0       0       0
      Locals:         0       1       0       0       0
      Temps:          0       2       0       0       0
      Totals:         0       3       0       0       0
Total ram usage:        3 bytes
 Hardware stack levels used:    1
 Hardware stack levels required when called:    5
 This function calls:
		Nothing
 This function is called by:
		_Lcd_Write_String
 This function uses a non-reentrant model


 *************** function _Lcd_Init *****************
 Defined at:
		line 52 in file "LCD.c"
 Parameters:    Size  Location     Type
		None
 Auto vars:     Size  Location     Type
		None
 Return value:  Size  Location     Type
                  1    wreg      void 
 Registers used:
		wreg, status,2, status,0, pclath, cstack
 Tracked objects:
		On entry : 
		On exit  : 
		Unchanged: 
 Data sizes:     COMMON   BANK0   BANK1   BANK3   BANK2
      Params:         0       0       0       0       0
      Locals:         0       0       0       0       0
      Temps:          0       0       0       0       0
      Totals:         0       0       0       0       0
Total ram usage:        0 bytes
 Hardware stack levels used:    1
 Hardware stack levels required when called:    6
 This function calls:
		_Lcd_Cmd
 This function is called by:
		_main
 This function uses a non-reentrant model


 *************** function _Lcd_Cmd *****************
 Defined at:
		line 13 in file "LCD.c"
 Parameters:    Size  Location     Type
  a               1    wreg     unsigned char 
 Auto vars:     Size  Location     Type
  a               1   21[BANK0 ] unsigned char 
 Return value:  Size  Location     Type
                  1    wreg      void 
 Registers used:
		wreg, status,2, status,0
 Tracked objects:
		On entry : 
		On exit  : 
		Unchanged: 
 Data sizes:     COMMON   BANK0   BANK1   BANK3   BANK2
      Params:         0       0       0       0       0
      Locals:         0       1       0       0       0
      Temps:          0       2       0       0       0
      Totals:         0       3       0       0       0
Total ram usage:        3 bytes
 Hardware stack levels used:    1
 Hardware stack levels required when called:    5
 This function calls:
		Nothing
 This function is called by:
		_main
		_Lcd_Init
		_Lcd_Clear
		_Lcd_Set_Cursor
		_Lcd_Shift_Right
		_Lcd_Shift_Left
 This function uses a non-reentrant model


 *************** function _ADC_Read *****************
 Defined at:
		line 24 in file "ADC.c"
 Parameters:    Size  Location     Type
  a               1    wreg     unsigned char 
  b               1   19[BANK0 ] unsigned char 
  c               1   20[BANK0 ] unsigned char 
 Auto vars:     Size  Location     Type
  a               1   21[BANK0 ] unsigned char 
 Return value:  Size  Location     Type
                  1    wreg      void 
 Registers used:
		wreg, status,0
 Tracked objects:
		On entry : 
		On exit  : 
		Unchanged: 
 Data sizes:     COMMON   BANK0   BANK1   BANK3   BANK2
      Params:         0       2       0       0       0
      Locals:         0       1       0       0       0
      Temps:          0       0       0       0       0
      Totals:         0       3       0       0       0
Total ram usage:        3 bytes
 Hardware stack levels used:    1
 Hardware stack levels required when called:    5
 This function calls:
		Nothing
 This function is called by:
		_main
 This function uses a non-reentrant model


 *************** function _ADC_Init *****************
 Defined at:
		line 15 in file "ADC.c"
 Parameters:    Size  Location     Type
		None
 Auto vars:     Size  Location     Type
		None
 Return value:  Size  Location     Type
                  1    wreg      void 
 Registers used:
		None
 Tracked objects:
		On entry : 
		On exit  : 
		Unchanged: 
 Data sizes:     COMMON   BANK0   BANK1   BANK3   BANK2
      Params:         0       0       0       0       0
      Locals:         0       0       0       0       0
      Temps:          0       0       0       0       0
      Totals:         0       0       0       0       0
Total ram usage:        0 bytes
 Hardware stack levels used:    1
 Hardware stack levels required when called:    5
 This function calls:
		Nothing
 This function is called by:
		_main
 This function uses a non-reentrant model


 *************** function _ISR *****************
 Defined at:
		line 87 in file "LAB3.c"
 Parameters:    Size  Location     Type
		None
 Auto vars:     Size  Location     Type
		None
 Return value:  Size  Location     Type
                  1    wreg      void 
 Registers used:
		wreg, fsr0l, fsr0h, status,2, status,0, pclath, cstack
 Tracked objects:
		On entry : 
		On exit  : 
		Unchanged: 
 Data sizes:     COMMON   BANK0   BANK1   BANK3   BANK2
      Params:         0       0       0       0       0
      Locals:         0       0       0       0       0
      Temps:          0       6       0       0       0
      Totals:         0       6       0       0       0
Total ram usage:        6 bytes
 Hardware stack levels used:    1
 Hardware stack levels required when called:    4
 This function calls:
		_CONTADOR
 This function is called by:
		Interrupt level 1
 This function uses a non-reentrant model


 *************** function _CONTADOR *****************
 Defined at:
		line 8 in file "ADC.c"
 Parameters:    Size  Location     Type
  n               2   10[BANK0 ] int 
  a               1   12[BANK0 ] PTR unsigned char 
		 -> COMPARE(5), 
 Auto vars:     Size  Location     Type
		None
 Return value:  Size  Location     Type
                  1    wreg      void 
 Registers used:
		wreg, fsr0l, fsr0h, status,2, status,0, pclath, cstack
 Tracked objects:
		On entry : 
		On exit  : 
		Unchanged: 
 Data sizes:     COMMON   BANK0   BANK1   BANK3   BANK2
      Params:         0       3       0       0       0
      Locals:         0       0       0       0       0
      Temps:          0       0       0       0       0
      Totals:         0       3       0       0       0
Total ram usage:        3 bytes
 Hardware stack levels used:    1
 Hardware stack levels required when called:    3
 This function calls:
		i1_itoa
 This function is called by:
		_ISR
 This function uses a non-reentrant model


 *************** function i1_itoa *****************
 Defined at:
		line 4 in file "C:\Program Files\Microchip\xc8\v2.31\pic\sources\c90\common\itoa.c"
 Parameters:    Size  Location     Type
  buf             1    wreg     PTR unsigned char 
		 -> POT2SC(5), POT2SB(5), POT2SA(5), POT1SC(5), 
		 -> POT1SB(5), POT1SA(5), COMPARE(5), 
  val             2    4[BANK0 ] int 
  base            2    6[BANK0 ] int 
 Auto vars:     Size  Location     Type
  buf             1    9[BANK0 ] PTR unsigned char 
		 -> POT2SC(5), POT2SB(5), POT2SA(5), POT1SC(5), 
		 -> POT1SB(5), POT1SA(5), COMPARE(5), 
  cp              1    0        PTR unsigned char 
		 -> POT2SC(5), POT2SB(5), POT2SA(5), POT1SC(5), 
		 -> POT1SB(5), POT1SA(5), COMPARE(5), 
 Return value:  Size  Location     Type
                  1    wreg      PTR unsigned char 
 Registers used:
		wreg, fsr0l, fsr0h, status,2, status,0, pclath, cstack
 Tracked objects:
		On entry : 
		On exit  : 
		Unchanged: 
 Data sizes:     COMMON   BANK0   BANK1   BANK3   BANK2
      Params:         0       4       0       0       0
      Locals:         0       2       0       0       0
      Temps:          1       0       0       0       0
      Totals:         1       6       0       0       0
Total ram usage:        7 bytes
 Hardware stack levels used:    1
 Hardware stack levels required when called:    2
 This function calls:
		i1_utoa
 This function is called by:
		_CONTADOR
 This function uses a non-reentrant model


 *************** function i1_utoa *****************
 Defined at:
		line 17 in file "C:\Program Files\Microchip\xc8\v2.31\pic\sources\c90\common\itoa.c"
 Parameters:    Size  Location     Type
  buf             1    wreg     PTR unsigned char 
		 -> POT2SC(5), POT2SB(5), POT2SA(5), POT1SC(5), 
		 -> POT1SB(5), POT1SA(5), COMPARE(5), 
  val             2    8[COMMON] unsigned int 
  base            2   10[COMMON] int 
 Auto vars:     Size  Location     Type
  buf             1    3[BANK0 ] PTR unsigned char 
		 -> POT2SC(5), POT2SB(5), POT2SA(5), POT1SC(5), 
		 -> POT1SB(5), POT1SA(5), COMPARE(5), 
  v               2    0[BANK0 ] unsigned int 
  c               1    2[BANK0 ] unsigned char 
 Return value:  Size  Location     Type
                  1    wreg      PTR unsigned char 
 Registers used:
		wreg, fsr0l, fsr0h, status,2, status,0, pclath, cstack
 Tracked objects:
		On entry : 
		On exit  : 
		Unchanged: 
 Data sizes:     COMMON   BANK0   BANK1   BANK3   BANK2
      Params:         4       0       0       0       0
      Locals:         0       4       0       0       0
      Temps:          1       0       0       0       0
      Totals:         5       4       0       0       0
Total ram usage:        9 bytes
 Hardware stack levels used:    1
 Hardware stack levels required when called:    1
 This function calls:
		i1___lwdiv
		i1___lwmod
 This function is called by:
		i1_itoa
 This function uses a non-reentrant model


 *************** function i1___lwmod *****************
 Defined at:
		line 5 in file "C:\Program Files\Microchip\xc8\v2.31\pic\sources\c90\common\lwmod.c"
 Parameters:    Size  Location     Type
  divisor         2    0[COMMON] unsigned int 
  dividend        2    2[COMMON] unsigned int 
 Auto vars:     Size  Location     Type
  counter         1    5[COMMON] unsigned char 
 Return value:  Size  Location     Type
                  2    0[COMMON] unsigned int 
 Registers used:
		wreg, status,2, status,0
 Tracked objects:
		On entry : 
		On exit  : 
		Unchanged: 
 Data sizes:     COMMON   BANK0   BANK1   BANK3   BANK2
      Params:         4       0       0       0       0
      Locals:         1       0       0       0       0
      Temps:          1       0       0       0       0
      Totals:         6       0       0       0       0
Total ram usage:        6 bytes
 Hardware stack levels used:    1
 This function calls:
		Nothing
 This function is called by:
		i1_utoa
 This function uses a non-reentrant model


 *************** function i1___lwdiv *****************
 Defined at:
		line 5 in file "C:\Program Files\Microchip\xc8\v2.31\pic\sources\c90\common\lwdiv.c"
 Parameters:    Size  Location     Type
  divisor         2    0[COMMON] unsigned int 
  dividend        2    2[COMMON] unsigned int 
 Auto vars:     Size  Location     Type
  quotient        2    5[COMMON] unsigned int 
  counter         1    7[COMMON] unsigned char 
 Return value:  Size  Location     Type
                  2    0[COMMON] unsigned int 
 Registers used:
		wreg, status,2, status,0
 Tracked objects:
		On entry : 
		On exit  : 
		Unchanged: 
 Data sizes:     COMMON   BANK0   BANK1   BANK3   BANK2
      Params:         4       0       0       0       0
      Locals:         3       0       0       0       0
      Temps:          1       0       0       0       0
      Totals:         8       0       0       0       0
Total ram usage:        8 bytes
 Hardware stack levels used:    1
 This function calls:
		Nothing
 This function is called by:
		i1_utoa
 This function uses a non-reentrant model



MODULE INFORMATION

Module		Function		Class		Link	Load	Size
UART.c
		_SERIAL_Init   		CODE           	0FD9	0000	19

UART.c estimated size: 19

C:\Program Files\Microchip\xc8\v2.31\pic\sources\c90\common\lwmod.c
		___lwmod       		CODE           	05FC	0000	60

C:\Program Files\Microchip\xc8\v2.31\pic\sources\c90\common\lwmod.c estimated size: 60

C:\Program Files\Microchip\xc8\v2.31\pic\sources\c90\common\awmod.c
		___awmod       		CODE           	04D3	0000	95

C:\Program Files\Microchip\xc8\v2.31\pic\sources\c90\common\awmod.c estimated size: 95

C:\Program Files\Microchip\xc8\v2.31\pic\sources\c90\common\Umul16.c
		___wmul        		CODE           	06C5	0000	39

C:\Program Files\Microchip\xc8\v2.31\pic\sources\c90\common\Umul16.c estimated size: 39

C:\Program Files\Microchip\xc8\v2.31\pic\sources\c90\common\strcat.c
		_strcat        		CODE           	0672	0000	43

C:\Program Files\Microchip\xc8\v2.31\pic\sources\c90\common\strcat.c estimated size: 43

C:\Program Files\Microchip\xc8\v2.31\pic\sources\c90\common\lwdiv.c
		___lwdiv       		CODE           	0474	0000	95

C:\Program Files\Microchip\xc8\v2.31\pic\sources\c90\common\lwdiv.c estimated size: 95

C:\Program Files\Microchip\xc8\v2.31\pic\sources\c90\common\awdiv.c
		___awdiv       		CODE           	0377	0000	139

C:\Program Files\Microchip\xc8\v2.31\pic\sources\c90\common\awdiv.c estimated size: 139

shared
		__stringtab    		STRING         	0738	0000	16
		i1_utoa        		CODE           	0402	0000	114
		i1___lwdiv     		CODE           	0532	0000	68
		i1___lwmod     		CODE           	0638	0000	58
		__initialization		CODE           	0013	0000	17
		i1_itoa        		CODE           	0712	0000	38

shared estimated size: 311

ADC.c
		_ADC_Read      		CODE           	0FEC	0000	20
		_ADC_Init      		CODE           	07F4	0000	11
		_CONTADOR      		CODE           	07DB	0000	25

ADC.c estimated size: 56

LAB3.c
		_ISR           		CODE           	077E	0000	32
		_main          		CODE           	0028	0000	677
		_setup         		CODE           	07BD	0000	30

LAB3.c estimated size: 739

C:\Program Files\Microchip\xc8\v2.31\pic\sources\c90\common\strcpy.c
		_strcpy        		CODE           	075B	0000	35

C:\Program Files\Microchip\xc8\v2.31\pic\sources\c90\common\strcpy.c estimated size: 35

C:\Program Files\Microchip\xc8\v2.31\pic\sources\c90\common\itoa.c
		_itoa          		CODE           	06EC	0000	38
		_utoa          		CODE           	02CD	0000	170

C:\Program Files\Microchip\xc8\v2.31\pic\sources\c90\common\itoa.c estimated size: 208

LCD.c
		_Lcd_Write_String		CODE           	069D	0000	40
		_Lcd_Init      		CODE           	079E	0000	31
		_Lcd_Write_Char		CODE           	0576	0000	67
		_Lcd_Cmd       		CODE           	05B9	0000	67

LCD.c estimated size: 205

