Microchip MPLAB XC8 Compiler V2.32

Linker command line:

-W-3 --edf=C:\Program Files\Microchip\xc8\v2.32\pic\dat\en_msgs.txt -cn \
  -h+dist/default/production\Miniproyecto2Master.X.production.sym \
  --cmf=dist/default/production\Miniproyecto2Master.X.production.cmf -z \
  -Q16F887 -oC:\Users\flope\AppData\Local\Temp\xcAsb94.4 \
  --defsym=__MPLAB_BUILD=1 \
  -Mdist/default/production/Miniproyecto2Master.X.production.map -E1 \
  -ver=XC8 Compiler --acfsm=1493 -ASTACK=0110h-016Fh -pstack=STACK \
  -ACODE=00h-07FFhx4 -ASTRCODE=00h-01FFFh -ASTRING=00h-0FFhx32 \
  -ACONST=00h-0FFhx32 -AENTRY=00h-0FFhx32 -ACOMMON=070h-07Fh \
  -ABANK0=020h-06Fh -ABANK1=0A0h-0EFh -ABANK2=0110h-016Fh \
  -ABANK3=0190h-01EFh -ARAM=020h-06Fh,0A0h-0EFh,0110h-016Fh,0190h-01EFh \
  -AABS1=020h-07Fh,0A0h-0EFh,0110h-016Fh,0190h-01EFh -ASFR0=00h-01Fh \
  -ASFR1=080h-09Fh -ASFR2=0100h-010Fh -ASFR3=0180h-018Fh \
  -ACONFIG=02007h-02008h -DCONFIG=2 -AIDLOC=02000h-02003h -DIDLOC=2 \
  -AEEDATA=00h-0FFh/02100h -peeprom_data=EEDATA -DEEDATA=2 -DCODE=2 \
  -DSTRCODE=2 -DSTRING=2 -DCONST=2 -DENTRY=2 \
  -preset_vec=00h,intentry=04h,init,end_init -ppowerup=CODE -pcinit=CODE \
  -pfunctab=ENTRY -k C:\Users\flope\AppData\Local\Temp\xcAsb94.o \
  dist/default/production\Miniproyecto2Master.X.production.o 

Object code version is 3.11

Machine type is 16F887



                Name                               Link     Load   Length Selector   Space Scale
C:\Users\flope\AppData\Local\Temp\xcAsb94.o
                end_init                             10       10        3        8       0
                reset_vec                             0        0        3        0       0
                config                             2007     2007        2        0       4
dist/default/production\Miniproyecto2Master.X.production.o
                cinit                                13       13       11        8       0
                intentry                              4        4        C        8       0
                config                             2007     2007        2        0       4
                text22                              AAB      AAB        B     1556       0
                text21                              7B9      7B9       44        8       0
                text20                              BB0      BB0       3A     1760       0
                text19                              CEA      CEA       81     19D4       0
                text18                              B1C      B1C       2C     1638       0
                text17                              B7A      B7A       36     16F4       0
                text16                              C82      C82       68     1904       0
                text15                              BEA      BEA       3A     17D4       0
                text14                              AB6      AB6        D     156C       0
                text13                              B48      B48       32     1690       0
                text12                              A99      A99        9     1532       0
                text11                              AA2      AA2        9     1544       0
                text10                              C24      C24       5E     1848       0
                text9                               AE0      AE0       13     15C0       0
                text8                               A91      A91        8     1522       0
                text7                               AC3      AC3        E     1586       0
                text6                               D6B      D6B      295     1AD6       0
                text5                               AF3      AF3       29     15E6       0
                text4                                24       24      55F        8       0
                text3                               727      727       92        8       0
                text2                               66B      66B       BC        8       0
                text1                               AD1      AD1        F     15A2       0
                maintext                            583      583       E8        8       0
                cstackBANK0                          20       20       35       20       1
                cstackCOMMON                         70       70        E       70       1
                cstackBANK1                          A0       A0       2B       A0       1
                bssBANK0                             55       55        B       20       1

TOTAL           Name                               Link     Load   Length     Space
        CLASS   STACK          

        CLASS   CODE           
                end_init                             10       10        3         0
                cinit                                13       13       11         0
                intentry                              4        4        C         0
                reset_vec                             0        0        3         0
                text22                              AAB      AAB        B         0
                text21                              7B9      7B9       44         0
                text20                              BB0      BB0       3A         0
                text19                              CEA      CEA       81         0
                text18                              B1C      B1C       2C         0
                text17                              B7A      B7A       36         0
                text16                              C82      C82       68         0
                text15                              BEA      BEA       3A         0
                text14                              AB6      AB6        D         0
                text13                              B48      B48       32         0
                text12                              A99      A99        9         0
                text11                              AA2      AA2        9         0
                text10                              C24      C24       5E         0
                text9                               AE0      AE0       13         0
                text8                               A91      A91        8         0
                text7                               AC3      AC3        E         0
                text6                               D6B      D6B      295         0
                text5                               AF3      AF3       29         0
                text4                                24       24      55F         0
                text3                               727      727       92         0
                text2                               66B      66B       BC         0
                text1                               AD1      AD1        F         0
                maintext                            583      583       E8         0

        CLASS   STRCODE        

        CLASS   STRING         

        CLASS   CONST          

        CLASS   ENTRY          

        CLASS   COMMON         
                cstackCOMMON                         70       70        E         1

        CLASS   BANK0          
                cstackBANK0                          20       20       35         1
                bssBANK0                             55       55        B         1

        CLASS   BANK1          
                cstackBANK1                          A0       A0       2B         1

        CLASS   BANK2          

        CLASS   BANK3          

        CLASS   RAM            

        CLASS   ABS1           
                abs_s1                               7E       7E        2         1

        CLASS   SFR0           

        CLASS   SFR1           

        CLASS   SFR2           

        CLASS   SFR3           

        CLASS   CONFIG         
                config                             2007     2007        2         4

        CLASS   IDLOC          

        CLASS   EEDATA         



SEGMENTS        Name                           Load    Length   Top    Selector   Space  Class     Delta

                reset_vec                      000000  000003  000003         0       0  CODE        2
                intentry                       000004  0007F9  0007FD         8       0  CODE        2
                cstackBANK0                    000020  000040  000060        20       1  BANK0       1
                cstackCOMMON                   000070  00000E  00007E        70       1  COMMON      1
                cstackBANK1                    0000A0  00002B  0000CB        A0       1  BANK1       1
                text8                          000A91  000008  000A99      1522       0  CODE        2
                text12                         000A99  000009  000AA2      1532       0  CODE        2
                text11                         000AA2  000009  000AAB      1544       0  CODE        2
                text22                         000AAB  00000B  000AB6      1556       0  CODE        2
                text14                         000AB6  00000D  000AC3      156C       0  CODE        2
                text7                          000AC3  00000E  000AD1      1586       0  CODE        2
                text1                          000AD1  00000F  000AE0      15A2       0  CODE        2
                text9                          000AE0  000013  000AF3      15C0       0  CODE        2
                text5                          000AF3  000029  000B1C      15E6       0  CODE        2
                text18                         000B1C  00002C  000B48      1638       0  CODE        2
                text13                         000B48  000032  000B7A      1690       0  CODE        2
                text17                         000B7A  000036  000BB0      16F4       0  CODE        2
                text20                         000BB0  00003A  000BEA      1760       0  CODE        2
                text15                         000BEA  00003A  000C24      17D4       0  CODE        2
                text10                         000C24  00005E  000C82      1848       0  CODE        2
                text16                         000C82  000068  000CEA      1904       0  CODE        2
                text19                         000CEA  000081  000D6B      19D4       0  CODE        2
                text6                          000D6B  000295  001000      1AD6       0  CODE        2


UNUSED ADDRESS RANGES

        Name                Unused          Largest block    Delta
        BANK0            0060-006F             10           1
        BANK1            00CB-00EF             25           1
        BANK2            0110-016F             60           1
        BANK3            0190-01EF             60           1
        CODE             0003-0003              1           2
                         07FD-0A90              3
                         1000-1FFF            800
        CONST            0003-0003              1           2
                         07FD-0A90            100
                         1000-1FFF            100
        EEDATA           2100-21FF            100           2
        ENTRY            0003-0003              1           2
                         07FD-0A90            100
                         1000-1FFF            100
        IDLOC            2000-2003              4           2
        RAM              0060-006F             10           1
                         00CB-00EF             25
                         0110-016F             60
                         0190-01EF             60
        SFR0             0000-001F             20           1
        SFR1             0080-009F             20           1
        SFR2             0100-010F             10           1
        SFR3             0180-018F             10           1
        STACK            0110-016F             60           1
        STRCODE          0003-0003              1           2
                         07FD-0A90            294
                         1000-1FFF           1000
        STRING           0003-0003              1           2
                         07FD-0A90            100
                         1000-1FFF            100

                                  Symbol Table

?_I2C_M_Read             cstackBANK0  0030
?_Read                   cstackCOMMON 0070
?__Umul8_16              cstackBANK0  0030
?___fldiv                cstackBANK0  004B
?___flmul                cstackBANK0  003E
?___fltol                cstackBANK1  00BF
?___lldiv                cstackBANK0  0030
?___lwdiv                cstackCOMMON 0070
?___lwmod                cstackCOMMON 0070
?___xxtofl               cstackBANK0  0030
I2C_Init@a               cstackBANK0  003E
I2C_M_Read@a             cstackBANK0  0030
I2C_M_Read@temp          cstackBANK0  0034
InitOSC@frec             cstackBANK0  0032
Read@n                   cstackCOMMON 0070
UART_Write@a             cstackBANK0  0030
_COMPARE                 bssBANK0     005F
_Destination             bssBANK0     0055
_Enviar                  bssBANK0     005B
_GIE                     (abs)        005F
_I2C_Init                text15       0BEA
_I2C_M_Read              text13       0B48
_I2C_M_Start             text12       0A99
_I2C_M_Stop              text11       0AA2
_I2C_M_Wait              text14       0AB6
_INTCONbits              (abs)        000B
_ISR                     text17       0B7A
_InitOSC                 text10       0C24
_O                       bssBANK0     0057
_OSCCONbits              (abs)        008F
_PEIE                    (abs)        005E
_PIE1bits                (abs)        008C
_PORTA                   (abs)        0005
_PORTB                   (abs)        0006
_PORTC                   (abs)        0007
_PORTD                   (abs)        0008
_PORTDbits               (abs)        0008
_PORTE                   (abs)        0009
_RCEN                    (abs)        048B
_RCIF                    (abs)        0065
_RCREG                   (abs)        001A
_RCSTAbits               (abs)        0018
_Read                    text22       0AAB
_SERIAL_Init             text9        0AE0
_SPBRG                   (abs)        0099
_SSPADD                  (abs)        0093
_SSPBUF                  (abs)        0013
_SSPCON                  (abs)        0014
_SSPCON2                 (abs)        0091
_SSPCON2bits             (abs)        0091
_SSPIE                   (abs)        0463
_SSPIF                   (abs)        0063
_SSPSTAT                 (abs)        0094
_TRISA                   (abs)        0085
_TRISB                   (abs)        0086
_TRISC                   (abs)        0087
_TRISC3                  (abs)        043B
_TRISC4                  (abs)        043C
_TRISCbits               (abs)        0087
_TRISD                   (abs)        0088
_TRISE                   (abs)        0089
_TRMT                    (abs)        04C1
_TXREG                   (abs)        0019
_TXSTAbits               (abs)        0098
_UART_READ               text8        0A91
_UART_Write              text7        0AC3
__Habs1                  abs1         0000
__Hbank0                 bank0        0000
__Hbank1                 bank1        0000
__Hbank2                 bank2        0000
__Hbank3                 bank3        0000
__HbssBANK0              bssBANK0     0000
__Hcinit                 cinit        0024
__Hclrtext               clrtext      0000
__Hcode                  code         0000
__Hcommon                common       0000
__Hconfig                config       2009
__HcstackBANK0           cstackBANK0  0000
__HcstackBANK1           cstackBANK1  0000
__HcstackCOMMON          cstackCOMMON 0000
__Heeprom_data           eeprom_data  0000
__Hend_init              end_init     0013
__Hfunctab               functab      0000
__Hinit                  init         0010
__Hintentry              intentry     0010
__Hmaintext              maintext     0000
__Hpowerup               powerup      0000
__Hram                   ram          0000
__Hreset_vec             reset_vec    0003
__Hsfr0                  sfr0         0000
__Hsfr1                  sfr1         0000
__Hsfr2                  sfr2         0000
__Hsfr3                  sfr3         0000
__Hspace_0               (abs)        1000
__Hspace_1               (abs)        00CB
__Hspace_2               (abs)        0000
__Hspace_3               (abs)        0000
__Hspace_4               (abs)        4010
__Hstack                 stack        0000
__Hstrings               strings      0000
__Htext                  text         0000
__Labs1                  abs1         0000
__Lbank0                 bank0        0000
__Lbank1                 bank1        0000
__Lbank2                 bank2        0000
__Lbank3                 bank3        0000
__LbssBANK0              bssBANK0     0000
__Lcinit                 cinit        0013
__Lclrtext               clrtext      0000
__Lcode                  code         0000
__Lcommon                common       0000
__Lconfig                config       0000
__LcstackBANK0           cstackBANK0  0000
__LcstackBANK1           cstackBANK1  0000
__LcstackCOMMON          cstackCOMMON 0000
__Leeprom_data           eeprom_data  0000
__Lend_init              end_init     0010
__Lfunctab               functab      0000
__Linit                  init         0010
__Lintentry              intentry     0004
__Lmaintext              maintext     0000
__Lpowerup               powerup      0000
__Lram                   ram          0000
__Lreset_vec             reset_vec    0000
__Lsfr0                  sfr0         0000
__Lsfr1                  sfr1         0000
__Lsfr2                  sfr2         0000
__Lsfr3                  sfr3         0000
__Lspace_0               (abs)        0000
__Lspace_1               (abs)        0000
__Lspace_2               (abs)        0000
__Lspace_3               (abs)        0000
__Lspace_4               (abs)        0000
__Lstack                 stack        0000
__Lstrings               strings      0000
__Ltext                  text         0000
__S0                     (abs)        1000
__S1                     (abs)        00CB
__S2                     (abs)        0000
__S3                     (abs)        0000
__Umul8_16               text5        0AF3
__Umul8_16@multiplicand  cstackBANK0  0030
__Umul8_16@multiplier    cstackBANK0  0038
__Umul8_16@product       cstackBANK0  0034
__Umul8_16@word_mpld     cstackBANK0  0036
___fldiv                 text6        0D6B
___fldiv@a               cstackBANK0  004B
___fldiv@aexp            cstackBANK1  00BE
___fldiv@b               cstackBANK0  004F
___fldiv@bexp            cstackBANK1  00BD
___fldiv@grs             cstackBANK1  00B9
___fldiv@new_exp         cstackBANK1  00B7
___fldiv@rem             cstackBANK1  00B2
___fldiv@sign            cstackBANK1  00B6
___flmul                 text4        0024
___flmul@a               cstackBANK0  0042
___flmul@aexp            cstackBANK1  00A1
___flmul@b               cstackBANK0  003E
___flmul@bexp            cstackBANK1  00A6
___flmul@grs             cstackBANK1  00A2
___flmul@prod            cstackBANK1  00A7
___flmul@sign            cstackBANK1  00A0
___flmul@temp            cstackBANK1  00AB
___fltol                 text3        0727
___fltol@exp1            cstackBANK0  0054
___fltol@f1              cstackBANK1  00BF
___fltol@sign1           cstackBANK0  0053
___int_sp                stack        0000
___latbits               (abs)        0002
___lldiv                 text16       0C82
___lldiv@counter         cstackBANK0  003D
___lldiv@dividend        cstackBANK0  0034
___lldiv@divisor         cstackBANK0  0030
___lldiv@quotient        cstackBANK0  0039
___lwdiv                 text21       07B9
___lwdiv@counter         cstackCOMMON 0077
___lwdiv@dividend        cstackCOMMON 0072
___lwdiv@divisor         cstackCOMMON 0070
___lwdiv@quotient        cstackCOMMON 0075
___lwmod                 text20       0BB0
___lwmod@counter         cstackCOMMON 0075
___lwmod@dividend        cstackCOMMON 0072
___lwmod@divisor         cstackCOMMON 0070
___sp                    stack        0000
___stackhi               (abs)        0000
___stacklo               (abs)        0000
___xxtofl                text2        066B
___xxtofl@arg            cstackBANK0  003A
___xxtofl@exp            cstackBANK0  0039
___xxtofl@sign           cstackBANK0  0038
___xxtofl@val            cstackBANK0  0030
__end_of_I2C_Init        text15       0C24
__end_of_I2C_M_Read      text13       0B7A
__end_of_I2C_M_Start     text12       0AA2
__end_of_I2C_M_Stop      text11       0AAB
__end_of_I2C_M_Wait      text14       0AC3
__end_of_ISR             text17       0BB0
__end_of_InitOSC         text10       0C82
__end_of_Read            text22       0AB6
__end_of_SERIAL_Init     text9        0AF3
__end_of_UART_READ       text8        0A99
__end_of_UART_Write      text7        0AD1
__end_of__Umul8_16       text5        0B1C
__end_of___fldiv         text6        1000
__end_of___flmul         text4        0583
__end_of___fltol         text3        07B9
__end_of___lldiv         text16       0CEA
__end_of___lwdiv         text21       07FD
__end_of___lwmod         text20       0BEA
__end_of___xxtofl        text2        0727
__end_of__initialization cinit        0020
__end_of_itoa            text18       0B48
__end_of_main            maintext     066B
__end_of_setup           text1        0AE0
__end_of_utoa            text19       0D6B
__initialization         cinit        0013
__pbssBANK0              bssBANK0     0055
__pcstackBANK0           cstackBANK0  0020
__pcstackBANK1           cstackBANK1  00A0
__pcstackCOMMON          cstackCOMMON 0070
__pintentry              intentry     0004
__pmaintext              maintext     0583
__ptext1                 text1        0AD1
__ptext10                text10       0C24
__ptext11                text11       0AA2
__ptext12                text12       0A99
__ptext13                text13       0B48
__ptext14                text14       0AB6
__ptext15                text15       0BEA
__ptext16                text16       0C82
__ptext17                text17       0B7A
__ptext18                text18       0B1C
__ptext19                text19       0CEA
__ptext2                 text2        066B
__ptext20                text20       0BB0
__ptext21                text21       07B9
__ptext22                text22       0AAB
__ptext3                 text3        0727
__ptext4                 text4        0024
__ptext5                 text5        0AF3
__ptext6                 text6        0D6B
__ptext7                 text7        0AC3
__ptext8                 text8        0A91
__ptext9                 text9        0AE0
__size_of_I2C_Init       (abs)        0000
__size_of_I2C_M_Read     (abs)        0000
__size_of_I2C_M_Start    (abs)        0000
__size_of_I2C_M_Stop     (abs)        0000
__size_of_I2C_M_Wait     (abs)        0000
__size_of_ISR            (abs)        0000
__size_of_InitOSC        (abs)        0000
__size_of_Read           (abs)        0000
__size_of_SERIAL_Init    (abs)        0000
__size_of_UART_READ      (abs)        0000
__size_of_UART_Write     (abs)        0000
__size_of__Umul8_16      (abs)        0000
__size_of___fldiv        (abs)        0000
__size_of___flmul        (abs)        0000
__size_of___fltol        (abs)        0000
__size_of___lldiv        (abs)        0000
__size_of___lwdiv        (abs)        0000
__size_of___lwmod        (abs)        0000
__size_of___xxtofl       (abs)        0000
__size_of_itoa           (abs)        0000
__size_of_main           (abs)        0000
__size_of_setup          (abs)        0000
__size_of_utoa           (abs)        0000
_itoa                    text18       0B1C
_main                    maintext     0583
_sensor                  bssBANK0     005D
_setup                   text1        0AD1
_utoa                    text19       0CEA
btemp                    (abs)        007E
end_of_initialization    cinit        0020
interrupt_function       intentry     0004
intlevel0                functab      0000
intlevel1                functab      0000
intlevel2                functab      0000
intlevel3                functab      0000
intlevel4                functab      0000
intlevel5                functab      0000
itoa@base                cstackBANK0  0028
itoa@buf                 cstackBANK0  0024
itoa@val                 cstackBANK0  0026
reset_vec                reset_vec    0000
saved_w                  (abs)        007E
start                    init         0010
start_initialization     cinit        0013
utoa@base                cstackCOMMON 007C
utoa@buf                 cstackCOMMON 0078
utoa@c                   cstackBANK0  0023
utoa@v                   cstackBANK0  0021
utoa@val                 cstackCOMMON 007A
wtemp0                   (abs)        007E


MODULE INFORMATION

Module		Function		Class		Link	Load	Size
Master.c
		_ISR           		CODE           	0B7A	0000	54
		_main          		CODE           	0583	0000	232
		_setup         		CODE           	0AD1	0000	15
		_Read          		CODE           	0AAB	0000	11

Master.c estimated size: 312

UART.c
		_UART_READ     		CODE           	0A91	0000	8
		_UART_Write    		CODE           	0AC3	0000	14
		_SERIAL_Init   		CODE           	0AE0	0000	19

UART.c estimated size: 41

OSC.c
		_InitOSC       		CODE           	0C24	0000	94

OSC.c estimated size: 94

C:\Program Files\Microchip\xc8\v2.32\pic\sources\c90\common\xxtofl.c
		___xxtofl      		CODE           	066B	0000	188

C:\Program Files\Microchip\xc8\v2.32\pic\sources\c90\common\xxtofl.c estimated size: 188

C:\Program Files\Microchip\xc8\v2.32\pic\sources\c90\common\Umul8_16.c
		__Umul8_16     		CODE           	0AF3	0000	41

C:\Program Files\Microchip\xc8\v2.32\pic\sources\c90\common\Umul8_16.c estimated size: 41

I2C.c
		_I2C_M_Stop    		CODE           	0AA2	0000	9
		_I2C_M_Start   		CODE           	0A99	0000	9
		_I2C_M_Read    		CODE           	0B48	0000	50
		_I2C_Init      		CODE           	0BEA	0000	58
		_I2C_M_Wait    		CODE           	0AB6	0000	13

I2C.c estimated size: 139

C:\Program Files\Microchip\xc8\v2.32\pic\sources\c90\common\lwmod.c
		___lwmod       		CODE           	0BB0	0000	58

C:\Program Files\Microchip\xc8\v2.32\pic\sources\c90\common\lwmod.c estimated size: 58

shared
		__initialization		CODE           	0013	0000	13

shared estimated size: 13

C:\Program Files\Microchip\xc8\v2.32\pic\sources\c90\common\sprcmul.c
		___flmul       		CODE           	0024	0000	1375

C:\Program Files\Microchip\xc8\v2.32\pic\sources\c90\common\sprcmul.c estimated size: 1375

C:\Program Files\Microchip\xc8\v2.32\pic\sources\c90\common\sprcdiv.c
		___fldiv       		CODE           	0D6B	0000	661

C:\Program Files\Microchip\xc8\v2.32\pic\sources\c90\common\sprcdiv.c estimated size: 661

C:\Program Files\Microchip\xc8\v2.32\pic\sources\c90\common\lwdiv.c
		___lwdiv       		CODE           	07B9	0000	68

C:\Program Files\Microchip\xc8\v2.32\pic\sources\c90\common\lwdiv.c estimated size: 68

C:\Program Files\Microchip\xc8\v2.32\pic\sources\c90\common\fltol.c
		___fltol       		CODE           	0727	0000	146

C:\Program Files\Microchip\xc8\v2.32\pic\sources\c90\common\fltol.c estimated size: 146

C:\Program Files\Microchip\xc8\v2.32\pic\sources\c90\common\itoa.c
		_itoa          		CODE           	0B1C	0000	44
		_utoa          		CODE           	0CEA	0000	129

C:\Program Files\Microchip\xc8\v2.32\pic\sources\c90\common\itoa.c estimated size: 173

C:\Program Files\Microchip\xc8\v2.32\pic\sources\c90\common\__lldiv.c
		___lldiv       		CODE           	0C82	0000	104

C:\Program Files\Microchip\xc8\v2.32\pic\sources\c90\common\__lldiv.c estimated size: 104

