Microchip MPLAB XC8 Compiler V2.32

Linker command line:

-W-3 --edf=C:\Program Files\Microchip\xc8\v2.32\pic\dat\en_msgs.txt -cn \
  -h+dist/default/production\Miniproyecto2Master.X.production.sym \
  --cmf=dist/default/production\Miniproyecto2Master.X.production.cmf -z \
  -Q16F887 -oC:\Users\flope\AppData\Local\Temp\xcAspv0.4 \
  --defsym=__MPLAB_BUILD=1 \
  -Mdist/default/production/Miniproyecto2Master.X.production.map -E1 \
  -ver=XC8 Compiler --acfsm=1493 -ASTACK=0110h-016Fh -pstack=STACK \
  -ACODE=00h-07FFhx4 -ASTRCODE=00h-01FFFh -ASTRING=00h-0FFhx32 \
  -ACONST=00h-0FFhx32 -AENTRY=00h-0FFhx32 -ACOMMON=070h-07Fh \
  -ABANK0=020h-06Fh -ABANK1=0A0h-0EFh -ABANK2=0110h-016Fh \
  -ABANK3=0190h-01EFh -ARAM=020h-06Fh,0A0h-0EFh,0110h-016Fh,0190h-01EFh \
  -AABS1=020h-07Fh,0A0h-0EFh,0110h-016Fh,0190h-01EFh -ASFR0=00h-01Fh \
  -ASFR1=080h-09Fh -ASFR2=0100h-010Fh -ASFR3=0180h-018Fh \
  -ACONFIG=02007h-02008h -DCONFIG=2 -AIDLOC=02000h-02003h -DIDLOC=2 \
  -AEEDATA=00h-0FFh/02100h -peeprom_data=EEDATA -DEEDATA=2 -DCODE=2 \
  -DSTRCODE=2 -DSTRING=2 -DCONST=2 -DENTRY=2 \
  -preset_vec=00h,intentry=04h,init,end_init -ppowerup=CODE -pcinit=CODE \
  -pfunctab=ENTRY -k C:\Users\flope\AppData\Local\Temp\xcAspv0.o \
  dist/default/production\Miniproyecto2Master.X.production.o 

Object code version is 3.11

Machine type is 16F887



                Name                               Link     Load   Length Selector   Space Scale
C:\Users\flope\AppData\Local\Temp\xcAspv0.o
                end_init                             10       10        3        8       0
                reset_vec                             0        0        3        0       0
                config                             2007     2007        2        0       4
dist/default/production\Miniproyecto2Master.X.production.o
                cinit                                13       13       12        8       0
                intentry                              4        4        C        8       0
                config                             2007     2007        2        0       4
                text16                              34F      34F        B        8       0
                text15                              1D1      1D1       44        8       0
                text14                              24F      24F       3A        8       0
                text13                               99       99       72        8       0
                text12                              2EB      2EB       26        8       0
                text11                              2BB      2BB       30        8       0
                text10                              10B      10B       68        8       0
                text9                               215      215       3A        8       0
                text8                               342      342        D        8       0
                text7                               289      289       32        8       0
                text6                               363      363        9        8       0
                text5                               35A      35A        9        8       0
                text4                               173      173       5E        8       0
                text3                               311      311       13        8       0
                text2                               334      334        E        8       0
                text1                               324      324       10        8       0
                maintext                             25       25       74        8       0
                cstackBANK0                          20       20       27       20       1
                cstackCOMMON                         70       70        E       70       1
                bssBANK0                             47       47        C       20       1

TOTAL           Name                               Link     Load   Length     Space
        CLASS   STACK          

        CLASS   CODE           
                end_init                             10       10        3         0
                cinit                                13       13       12         0
                intentry                              4        4        C         0
                reset_vec                             0        0        3         0
                text16                              34F      34F        B         0
                text15                              1D1      1D1       44         0
                text14                              24F      24F       3A         0
                text13                               99       99       72         0
                text12                              2EB      2EB       26         0
                text11                              2BB      2BB       30         0
                text10                              10B      10B       68         0
                text9                               215      215       3A         0
                text8                               342      342        D         0
                text7                               289      289       32         0
                text6                               363      363        9         0
                text5                               35A      35A        9         0
                text4                               173      173       5E         0
                text3                               311      311       13         0
                text2                               334      334        E         0
                text1                               324      324       10         0
                maintext                             25       25       74         0

        CLASS   STRCODE        

        CLASS   STRING         

        CLASS   CONST          

        CLASS   ENTRY          

        CLASS   COMMON         
                cstackCOMMON                         70       70        E         1

        CLASS   BANK0          
                cstackBANK0                          20       20       27         1
                bssBANK0                             47       47        C         1

        CLASS   BANK1          

        CLASS   BANK2          

        CLASS   BANK3          

        CLASS   RAM            

        CLASS   ABS1           
                abs_s1                               7E       7E        2         1

        CLASS   SFR0           

        CLASS   SFR1           

        CLASS   SFR2           

        CLASS   SFR3           

        CLASS   CONFIG         
                config                             2007     2007        2         4

        CLASS   IDLOC          

        CLASS   EEDATA         



SEGMENTS        Name                           Load    Length   Top    Selector   Space  Class     Delta

                reset_vec                      000000  000003  000003         0       0  CODE        2
                intentry                       000004  000368  00036C         8       0  CODE        2
                cstackBANK0                    000020  000033  000053        20       1  BANK0       1
                cstackCOMMON                   000070  00000E  00007E        70       1  COMMON      1


UNUSED ADDRESS RANGES

        Name                Unused          Largest block    Delta
        BANK0            0053-006F             1D           1
        BANK1            00A0-00EF             50           1
        BANK2            0110-016F             60           1
        BANK3            0190-01EF             60           1
        CODE             0003-0003              1           2
                         036C-1FFF            800
        CONST            0003-0003              1           2
                         036C-1FFF            100
        EEDATA           2100-21FF            100           2
        ENTRY            0003-0003              1           2
                         036C-1FFF            100
        IDLOC            2000-2003              4           2
        RAM              0053-006F             1D           1
                         00A0-00EF             50
                         0110-016F             60
                         0190-01EF             60
        SFR0             0000-001F             20           1
        SFR1             0080-009F             20           1
        SFR2             0100-010F             10           1
        SFR3             0180-018F             10           1
        STACK            0110-016F             60           1
        STRCODE          0003-0003              1           2
                         036C-1FFF           1C94
        STRING           0003-0003              1           2
                         036C-1FFF            100

                                  Symbol Table

?_I2C_M_Read             cstackBANK0  002E
?_Read                   cstackCOMMON 0070
?___lldiv                cstackBANK0  002E
?___lwdiv                cstackCOMMON 0070
?___lwmod                cstackCOMMON 0070
I2C_Init@a               cstackBANK0  003C
I2C_M_Read@a             cstackBANK0  002E
I2C_M_Read@temp          cstackBANK0  0032
InitOSC@frec             cstackBANK0  0030
Read@n                   cstackCOMMON 0070
UART_Write@a             cstackBANK0  002E
_COMPARE                 bssBANK0     004E
_Destination             bssBANK0     0047
_GIE                     (abs)        005F
_I2C_Init                text9        0215
_I2C_M_Read              text7        0289
_I2C_M_Start             text6        0363
_I2C_M_Stop              text5        035A
_I2C_M_Wait              text8        0342
_INTCONbits              (abs)        000B
_ISR                     text11       02BB
_InitOSC                 text4        0173
_O                       bssBANK0     0049
_OSCCONbits              (abs)        008F
_PEIE                    (abs)        005E
_PIE1bits                (abs)        008C
_PORTA                   (abs)        0005
_PORTB                   (abs)        0006
_PORTBbits               (abs)        0006
_PORTC                   (abs)        0007
_PORTD                   (abs)        0008
_PORTE                   (abs)        0009
_RCEN                    (abs)        048B
_RCIF                    (abs)        0065
_RCREG                   (abs)        001A
_RCSTAbits               (abs)        0018
_Read                    text16       034F
_SERIAL_Init             text3        0311
_SPBRG                   (abs)        0099
_SSPADD                  (abs)        0093
_SSPBUF                  (abs)        0013
_SSPCON                  (abs)        0014
_SSPCON2                 (abs)        0091
_SSPCON2bits             (abs)        0091
_SSPIE                   (abs)        0463
_SSPIF                   (abs)        0063
_SSPSTAT                 (abs)        0094
_TRISA                   (abs)        0085
_TRISB                   (abs)        0086
_TRISC                   (abs)        0087
_TRISC3                  (abs)        043B
_TRISC4                  (abs)        043C
_TRISCbits               (abs)        0087
_TRISD                   (abs)        0088
_TRISE                   (abs)        0089
_TRMT                    (abs)        04C1
_TXREG                   (abs)        0019
_TXSTAbits               (abs)        0098
_UART_Write              text2        0334
__Habs1                  abs1         0000
__Hbank0                 bank0        0000
__Hbank1                 bank1        0000
__Hbank2                 bank2        0000
__Hbank3                 bank3        0000
__HbssBANK0              bssBANK0     0000
__Hcinit                 cinit        0025
__Hclrtext               clrtext      0000
__Hcode                  code         0000
__Hcommon                common       0000
__Hconfig                config       2009
__HcstackBANK0           cstackBANK0  0000
__HcstackCOMMON          cstackCOMMON 0000
__Heeprom_data           eeprom_data  0000
__Hend_init              end_init     0013
__Hfunctab               functab      0000
__Hinit                  init         0010
__Hintentry              intentry     0010
__Hmaintext              maintext     0000
__Hpowerup               powerup      0000
__Hram                   ram          0000
__Hreset_vec             reset_vec    0003
__Hsfr0                  sfr0         0000
__Hsfr1                  sfr1         0000
__Hsfr2                  sfr2         0000
__Hsfr3                  sfr3         0000
__Hspace_0               (abs)        036C
__Hspace_1               (abs)        007E
__Hspace_2               (abs)        0000
__Hspace_3               (abs)        0000
__Hspace_4               (abs)        4010
__Hstack                 stack        0000
__Hstrings               strings      0000
__Htext                  text         0000
__Labs1                  abs1         0000
__Lbank0                 bank0        0000
__Lbank1                 bank1        0000
__Lbank2                 bank2        0000
__Lbank3                 bank3        0000
__LbssBANK0              bssBANK0     0000
__Lcinit                 cinit        0013
__Lclrtext               clrtext      0000
__Lcode                  code         0000
__Lcommon                common       0000
__Lconfig                config       0000
__LcstackBANK0           cstackBANK0  0000
__LcstackCOMMON          cstackCOMMON 0000
__Leeprom_data           eeprom_data  0000
__Lend_init              end_init     0010
__Lfunctab               functab      0000
__Linit                  init         0010
__Lintentry              intentry     0004
__Lmaintext              maintext     0000
__Lpowerup               powerup      0000
__Lram                   ram          0000
__Lreset_vec             reset_vec    0000
__Lsfr0                  sfr0         0000
__Lsfr1                  sfr1         0000
__Lsfr2                  sfr2         0000
__Lsfr3                  sfr3         0000
__Lspace_0               (abs)        0000
__Lspace_1               (abs)        0000
__Lspace_2               (abs)        0000
__Lspace_3               (abs)        0000
__Lspace_4               (abs)        0000
__Lstack                 stack        0000
__Lstrings               strings      0000
__Ltext                  text         0000
__S0                     (abs)        036C
__S1                     (abs)        007E
__S2                     (abs)        0000
__S3                     (abs)        0000
___int_sp                stack        0000
___latbits               (abs)        0002
___lldiv                 text10       010B
___lldiv@counter         cstackBANK0  003B
___lldiv@dividend        cstackBANK0  0032
___lldiv@divisor         cstackBANK0  002E
___lldiv@quotient        cstackBANK0  0037
___lwdiv                 text15       01D1
___lwdiv@counter         cstackCOMMON 0077
___lwdiv@dividend        cstackCOMMON 0072
___lwdiv@divisor         cstackCOMMON 0070
___lwdiv@quotient        cstackCOMMON 0075
___lwmod                 text14       024F
___lwmod@counter         cstackCOMMON 0075
___lwmod@dividend        cstackCOMMON 0072
___lwmod@divisor         cstackCOMMON 0070
___sp                    stack        0000
___stackhi               (abs)        0000
___stacklo               (abs)        0000
__end_of_I2C_Init        text9        024F
__end_of_I2C_M_Read      text7        02BB
__end_of_I2C_M_Start     text6        036C
__end_of_I2C_M_Stop      text5        0363
__end_of_I2C_M_Wait      text8        034F
__end_of_ISR             text11       02EB
__end_of_InitOSC         text4        01D1
__end_of_Read            text16       035A
__end_of_SERIAL_Init     text3        0324
__end_of_UART_Write      text2        0342
__end_of___lldiv         text10       0173
__end_of___lwdiv         text15       0215
__end_of___lwmod         text14       0289
__end_of__initialization cinit        0021
__end_of_itoa            text12       0311
__end_of_main            maintext     0099
__end_of_setup           text1        0334
__end_of_utoa            text13       010B
__initialization         cinit        0013
__pbssBANK0              bssBANK0     0047
__pcstackBANK0           cstackBANK0  0020
__pcstackCOMMON          cstackCOMMON 0070
__pintentry              intentry     0004
__pmaintext              maintext     0025
__ptext1                 text1        0324
__ptext10                text10       010B
__ptext11                text11       02BB
__ptext12                text12       02EB
__ptext13                text13       0099
__ptext14                text14       024F
__ptext15                text15       01D1
__ptext16                text16       034F
__ptext2                 text2        0334
__ptext3                 text3        0311
__ptext4                 text4        0173
__ptext5                 text5        035A
__ptext6                 text6        0363
__ptext7                 text7        0289
__ptext8                 text8        0342
__ptext9                 text9        0215
__size_of_I2C_Init       (abs)        0000
__size_of_I2C_M_Read     (abs)        0000
__size_of_I2C_M_Start    (abs)        0000
__size_of_I2C_M_Stop     (abs)        0000
__size_of_I2C_M_Wait     (abs)        0000
__size_of_ISR            (abs)        0000
__size_of_InitOSC        (abs)        0000
__size_of_Read           (abs)        0000
__size_of_SERIAL_Init    (abs)        0000
__size_of_UART_Write     (abs)        0000
__size_of___lldiv        (abs)        0000
__size_of___lwdiv        (abs)        0000
__size_of___lwmod        (abs)        0000
__size_of_itoa           (abs)        0000
__size_of_main           (abs)        0000
__size_of_setup          (abs)        0000
__size_of_utoa           (abs)        0000
_itoa                    text12       02EB
_main                    maintext     0025
_sensor                  bssBANK0     004B
_setup                   text1        0324
_utoa                    text13       0099
btemp                    (abs)        007E
end_of_initialization    cinit        0021
interrupt_function       intentry     0004
intlevel0                functab      0000
intlevel1                functab      0000
intlevel2                functab      0000
intlevel3                functab      0000
intlevel4                functab      0000
intlevel5                functab      0000
itoa@base                cstackBANK0  0026
itoa@buf                 cstackBANK0  0028
itoa@val                 cstackBANK0  0024
reset_vec                reset_vec    0000
saved_w                  (abs)        007E
start                    init         0010
start_initialization     cinit        0013
utoa@base                cstackCOMMON 007A
utoa@buf                 cstackBANK0  0023
utoa@c                   cstackBANK0  0022
utoa@v                   cstackBANK0  0020
utoa@val                 cstackCOMMON 0078
wtemp0                   (abs)        007E


MODULE INFORMATION

Module		Function		Class		Link	Load	Size
Master.c
		_ISR           		CODE           	02BB	0000	48
		_main          		CODE           	0025	0000	116
		_setup         		CODE           	0324	0000	16
		_Read          		CODE           	034F	0000	11

Master.c estimated size: 191

UART.c
		_UART_Write    		CODE           	0334	0000	14
		_SERIAL_Init   		CODE           	0311	0000	19

UART.c estimated size: 33

OSC.c
		_InitOSC       		CODE           	0173	0000	94

OSC.c estimated size: 94

I2C.c
		_I2C_M_Stop    		CODE           	035A	0000	9
		_I2C_M_Start   		CODE           	0363	0000	9
		_I2C_M_Read    		CODE           	0289	0000	50
		_I2C_Init      		CODE           	0215	0000	58
		_I2C_M_Wait    		CODE           	0342	0000	13

I2C.c estimated size: 139

C:\Program Files\Microchip\xc8\v2.32\pic\sources\c90\common\lwmod.c
		___lwmod       		CODE           	024F	0000	58

C:\Program Files\Microchip\xc8\v2.32\pic\sources\c90\common\lwmod.c estimated size: 58

shared
		__initialization		CODE           	0013	0000	14

shared estimated size: 14

C:\Program Files\Microchip\xc8\v2.32\pic\sources\c90\common\lwdiv.c
		___lwdiv       		CODE           	01D1	0000	68

C:\Program Files\Microchip\xc8\v2.32\pic\sources\c90\common\lwdiv.c estimated size: 68

C:\Program Files\Microchip\xc8\v2.32\pic\sources\c90\common\itoa.c
		_itoa          		CODE           	02EB	0000	38
		_utoa          		CODE           	0099	0000	114

C:\Program Files\Microchip\xc8\v2.32\pic\sources\c90\common\itoa.c estimated size: 152

C:\Program Files\Microchip\xc8\v2.32\pic\sources\c90\common\__lldiv.c
		___lldiv       		CODE           	010B	0000	104

C:\Program Files\Microchip\xc8\v2.32\pic\sources\c90\common\__lldiv.c estimated size: 104

