******************************************************************************
                  TI ARM Linker PC v20.2.5                     
******************************************************************************
>> Linked Tue May 11 14:36:20 2021

OUTPUT FILE NAME:   <LAB_7.out>
ENTRY POINT SYMBOL: "_c_int00_noargs"  address: 00000a11


MEMORY CONFIGURATION

         name            origin    length      used     unused   attr    fill
----------------------  --------  ---------  --------  --------  ----  --------
  FLASH                 00000000   00040000  00000c6c  0003f394  R  X
  SRAM                  20000000   00008000  00000210  00007df0  RW X


SEGMENT ALLOCATION MAP

run origin  load origin   length   init length attrs members
----------  ----------- ---------- ----------- ----- -------
00000000    00000000    00000c6c   00000c6c    r-x
  00000000    00000000    0000026c   0000026c    r-- .intvecs
  0000026c    0000026c    00000910   00000910    r-x .text
  00000b7c    00000b7c    000000dc   000000dc    r-- .const
  00000c58    00000c58    00000014   00000014    r-- .cinit
20000000    20000000    00000210   00000000    rw-
  20000000    20000000    00000200   00000000    rw- .stack
  20000200    20000200    00000010   00000000    rw- .bss


SECTION ALLOCATION MAP

 output                                  attributes/
section   page    origin      length       input sections
--------  ----  ----------  ----------   ----------------
.intvecs   0    00000000    0000026c     
                  00000000    0000026c     tm4c123gh6pm_startup_ccs.obj (.intvecs)

.text      0    0000026c    00000910     
                  0000026c    000002e4     main.obj (.text)
                  00000550    00000132     driverlib.lib : gpio.obj (.text:GPIOPadConfigSet)
                  00000682    00000002     --HOLE-- [fill = 0]
                  00000684    00000110                   : sysctl.obj (.text:SysCtlClockGet)
                  00000794    000000f4                   : sysctl.obj (.text:SysCtlClockSet)
                  00000888    00000068                   : interrupt.obj (.text:IntEnable)
                  000008f0    00000060                   : timer.obj (.text:TimerConfigure)
                  00000950    00000046                   : uart.obj (.text:UARTConfigSetExpClk)
                  00000996    00000002     --HOLE-- [fill = 0]
                  00000998    00000044     rtsv7M4_T_le_v4SPD16_eabi.lib : autoinit.c.obj (.text:__TI_auto_init_nobinit_nopinit:__TI_auto_init_nobinit_nopinit)
                  000009dc    00000034     driverlib.lib : sysctl.obj (.text:SysCtlPeripheralEnable)
                  00000a10    00000034     rtsv7M4_T_le_v4SPD16_eabi.lib : boot_cortex_m.c.obj (.text:_c_int00_noargs:_c_int00_noargs)
                  00000a44    0000002a     driverlib.lib : gpio.obj (.text:GPIODirModeSet)
                  00000a6e    00000002     --HOLE-- [fill = 0]
                  00000a70    00000020                   : uart.obj (.text:UARTDisable)
                  00000a90    0000001c     rtsv7M4_T_le_v4SPD16_eabi.lib : copy_zero_init.c.obj (.text:decompress:ZI:__TI_zero_init_nomemset:__TI_zero_init_nomemset)
                  00000aac    00000018     driverlib.lib : gpio.obj (.text:GPIOPinTypeGPIOOutput)
                  00000ac4    00000014                   : uart.obj (.text:UARTEnable)
                  00000ad8    00000012                   : gpio.obj (.text:GPIOPinTypeUART)
                  00000aea    00000012                   : timer.obj (.text:TimerLoadSet)
                  00000afc    00000010                   : interrupt.obj (.text:IntMasterEnable)
                  00000b0c    0000000e                   : timer.obj (.text:TimerEnable)
                  00000b1a    0000000c                   : cpu.obj (.text:CPUcpsie)
                  00000b26    0000000c     tm4c123gh6pm_startup_ccs.obj (.text)
                  00000b32    0000000a     driverlib.lib : uart.obj (.text:UARTCharGet)
                  00000b3c    0000000a                   : uart.obj (.text:UARTCharPut)
                  00000b46    0000000a                   : uart.obj (.text:UARTIntStatus)
                  00000b50    00000008                   : timer.obj (.text:TimerIntEnable)
                  00000b58    00000008                   : uart.obj (.text:UARTIntEnable)
                  00000b60    00000006                   : gpio.obj (.text:GPIOPinWrite)
                  00000b66    00000006                   : sysctl.obj (.text:SysCtlDelay)
                  00000b6c    00000004                   : timer.obj (.text:TimerIntClear)
                  00000b70    00000004                   : uart.obj (.text:UARTIntClear)
                  00000b74    00000004     rtsv7M4_T_le_v4SPD16_eabi.lib : pre_init.c.obj (.text:_system_pre_init)
                  00000b78    00000004                                   : exit.c.obj (.text:abort:abort)

.const     0    00000b7c    000000dc     
                  00000b7c    00000070     driverlib.lib : interrupt.obj (.const)
                  00000bec    0000006c                   : sysctl.obj (.const:g_pui32Xtals)

.cinit     0    00000c58    00000014     
                  00000c58    00000008     (.cinit..bss.load) [load image, compression = zero_init]
                  00000c60    00000004     (__TI_handler_table)
                  00000c64    00000008     (__TI_cinit_table)

.init_array 
*          0    00000000    00000000     UNINITIALIZED

.bss       0    20000200    00000010     UNINITIALIZED
                  20000200    00000004     (.common:LedB)
                  20000204    00000004     (.common:LedG)
                  20000208    00000004     (.common:LedR)
                  2000020c    00000004     (.common:Status)

.stack     0    20000000    00000200     UNINITIALIZED
                  20000000    00000004     rtsv7M4_T_le_v4SPD16_eabi.lib : boot_cortex_m.c.obj (.stack)
                  20000004    000001fc     --HOLE--

__llvm_prf_cnts 
*          0    20000000    00000000     UNINITIALIZED

MODULE SUMMARY

       Module                         code   ro data   rw data
       ------                         ----   -------   -------
    .\
       main.obj                       740    0         16     
       tm4c123gh6pm_startup_ccs.obj   12     620       0      
    +--+------------------------------+------+---------+---------+
       Total:                         752    620       16     
                                                              
    C:/ti/TivaWare_C_Series-2.1.4.178/driverlib/ccs/Debug/driverlib.lib
       sysctl.obj                     574    108       0      
       gpio.obj                       396    0         0      
       interrupt.obj                  120    112       0      
       uart.obj                       164    0         0      
       timer.obj                      140    0         0      
       cpu.obj                        12     0         0      
    +--+------------------------------+------+---------+---------+
       Total:                         1406   220       0      
                                                              
    C:\ti\ccs1031\ccs\tools\compiler\ti-cgt-arm_20.2.5.LTS\lib\rtsv7M4_T_le_v4SPD16_eabi.lib
       autoinit.c.obj                 68     0         0      
       boot_cortex_m.c.obj            52     0         0      
       copy_zero_init.c.obj           28     0         0      
       exit.c.obj                     4      0         0      
       pre_init.c.obj                 4      0         0      
    +--+------------------------------+------+---------+---------+
       Total:                         156    0         0      
                                                              
       Stack:                         0      0         512    
       Linker Generated:              0      20        0      
    +--+------------------------------+------+---------+---------+
       Grand Total:                   2314   860       528    


LINKER GENERATED COPY TABLES

__TI_cinit_table @ 00000c64 records: 1, size/record: 8, table size: 8
	.bss: load addr=00000c58, load size=00000008 bytes, run addr=20000200, run size=00000010 bytes, compression=zero_init


LINKER GENERATED HANDLER TABLE

__TI_handler_table @ 00000c60 records: 1, size/record: 4, table size: 4
	index: 0, handler: __TI_zero_init


GLOBAL SYMBOLS: SORTED ALPHABETICALLY BY Name 

address   name                          
-------   ----                          
00000b79  C$$EXIT                       
00000b1b  CPUcpsie                      
00000a45  GPIODirModeSet                
00000551  GPIOPadConfigSet              
00000aad  GPIOPinTypeGPIOOutput         
00000ad9  GPIOPinTypeUART               
00000b61  GPIOPinWrite                  
00000889  IntEnable                     
00000afd  IntMasterEnable               
20000200  LedB                          
20000204  LedG                          
20000208  LedR                          
00000b27  ResetISR                      
2000020c  Status                        
00000685  SysCtlClockGet                
00000795  SysCtlClockSet                
00000b67  SysCtlDelay                   
000009dd  SysCtlPeripheralEnable        
000004bb  Timer0IntHandler              
000008f1  TimerConfigure                
00000b0d  TimerEnable                   
00000b6d  TimerIntClear                 
00000b51  TimerIntEnable                
00000aeb  TimerLoadSet                  
00000b33  UARTCharGet                   
00000b3d  UARTCharPut                   
00000951  UARTConfigSetExpClk           
00000a71  UARTDisable                   
00000ac5  UARTEnable                    
00000b71  UARTIntClear                  
00000b59  UARTIntEnable                 
0000026d  UARTIntHandler                
00000b47  UARTIntStatus                 
20000200  __STACK_END                   
00000200  __STACK_SIZE                  
20000200  __STACK_TOP                   
00000c64  __TI_CINIT_Base               
00000c6c  __TI_CINIT_Limit              
00000c60  __TI_Handler_Table_Base       
00000c64  __TI_Handler_Table_Limit      
00000999  __TI_auto_init_nobinit_nopinit
ffffffff  __TI_pprof_out_hndl           
ffffffff  __TI_prof_data_size           
ffffffff  __TI_prof_data_start          
00000000  __TI_static_base__            
00000a91  __TI_zero_init_nomemset       
ffffffff  __binit__                     
ffffffff  __c_args__                    
UNDEFED   __mpu_init                    
20000000  __stack                       
20000000  __start___llvm_prf_cnts       
20000000  __stop___llvm_prf_cnts        
00000a11  _c_int00_noargs               
UNDEFED   _system_post_cinit            
00000b75  _system_pre_init              
00000b79  abort                         
ffffffff  binit                         
00000000  g_pfnVectors                  
00000431  main                          


GLOBAL SYMBOLS: SORTED BY Symbol Address 

address   name                          
-------   ----                          
00000000  __TI_static_base__            
00000000  g_pfnVectors                  
00000200  __STACK_SIZE                  
0000026d  UARTIntHandler                
00000431  main                          
000004bb  Timer0IntHandler              
00000551  GPIOPadConfigSet              
00000685  SysCtlClockGet                
00000795  SysCtlClockSet                
00000889  IntEnable                     
000008f1  TimerConfigure                
00000951  UARTConfigSetExpClk           
00000999  __TI_auto_init_nobinit_nopinit
000009dd  SysCtlPeripheralEnable        
00000a11  _c_int00_noargs               
00000a45  GPIODirModeSet                
00000a71  UARTDisable                   
00000a91  __TI_zero_init_nomemset       
00000aad  GPIOPinTypeGPIOOutput         
00000ac5  UARTEnable                    
00000ad9  GPIOPinTypeUART               
00000aeb  TimerLoadSet                  
00000afd  IntMasterEnable               
00000b0d  TimerEnable                   
00000b1b  CPUcpsie                      
00000b27  ResetISR                      
00000b33  UARTCharGet                   
00000b3d  UARTCharPut                   
00000b47  UARTIntStatus                 
00000b51  TimerIntEnable                
00000b59  UARTIntEnable                 
00000b61  GPIOPinWrite                  
00000b67  SysCtlDelay                   
00000b6d  TimerIntClear                 
00000b71  UARTIntClear                  
00000b75  _system_pre_init              
00000b79  C$$EXIT                       
00000b79  abort                         
00000c60  __TI_Handler_Table_Base       
00000c64  __TI_CINIT_Base               
00000c64  __TI_Handler_Table_Limit      
00000c6c  __TI_CINIT_Limit              
20000000  __stack                       
20000000  __start___llvm_prf_cnts       
20000000  __stop___llvm_prf_cnts        
20000200  LedB                          
20000200  __STACK_END                   
20000200  __STACK_TOP                   
20000204  LedG                          
20000208  LedR                          
2000020c  Status                        
ffffffff  __TI_pprof_out_hndl           
ffffffff  __TI_prof_data_size           
ffffffff  __TI_prof_data_start          
ffffffff  __binit__                     
ffffffff  __c_args__                    
ffffffff  binit                         
UNDEFED   __mpu_init                    
UNDEFED   _system_post_cinit            

[59 symbols]
