******************************************************************************
                  TI ARM Linker PC v20.2.5                     
******************************************************************************
>> Linked Tue May 11 16:01:58 2021

OUTPUT FILE NAME:   <LAB_7.out>
ENTRY POINT SYMBOL: "_c_int00_noargs"  address: 00000a25


MEMORY CONFIGURATION

         name            origin    length      used     unused   attr    fill
----------------------  --------  ---------  --------  --------  ----  --------
  FLASH                 00000000   00040000  00000c80  0003f380  R  X
  SRAM                  20000000   00008000  00000214  00007dec  RW X


SEGMENT ALLOCATION MAP

run origin  load origin   length   init length attrs members
----------  ----------- ---------- ----------- ----- -------
00000000    00000000    00000c84   00000c84    r-x
  00000000    00000000    0000026c   0000026c    r-- .intvecs
  0000026c    0000026c    00000924   00000924    r-x .text
  00000b90    00000b90    000000dc   000000dc    r-- .const
  00000c70    00000c70    00000014   00000014    r-- .cinit
20000000    20000000    00000214   00000000    rw-
  20000000    20000000    00000200   00000000    rw- .stack
  20000200    20000200    00000014   00000000    rw- .bss


SECTION ALLOCATION MAP

 output                                  attributes/
section   page    origin      length       input sections
--------  ----  ----------  ----------   ----------------
.intvecs   0    00000000    0000026c     
                  00000000    0000026c     tm4c123gh6pm_startup_ccs.obj (.intvecs)

.text      0    0000026c    00000924     
                  0000026c    000002f8     main.obj (.text)
                  00000564    00000132     driverlib.lib : gpio.obj (.text:GPIOPadConfigSet)
                  00000696    00000002     --HOLE-- [fill = 0]
                  00000698    00000110                   : sysctl.obj (.text:SysCtlClockGet)
                  000007a8    000000f4                   : sysctl.obj (.text:SysCtlClockSet)
                  0000089c    00000068                   : interrupt.obj (.text:IntEnable)
                  00000904    00000060                   : timer.obj (.text:TimerConfigure)
                  00000964    00000046                   : uart.obj (.text:UARTConfigSetExpClk)
                  000009aa    00000002     --HOLE-- [fill = 0]
                  000009ac    00000044     rtsv7M4_T_le_v4SPD16_eabi.lib : autoinit.c.obj (.text:__TI_auto_init_nobinit_nopinit:__TI_auto_init_nobinit_nopinit)
                  000009f0    00000034     driverlib.lib : sysctl.obj (.text:SysCtlPeripheralEnable)
                  00000a24    00000034     rtsv7M4_T_le_v4SPD16_eabi.lib : boot_cortex_m.c.obj (.text:_c_int00_noargs:_c_int00_noargs)
                  00000a58    0000002a     driverlib.lib : gpio.obj (.text:GPIODirModeSet)
                  00000a82    00000002     --HOLE-- [fill = 0]
                  00000a84    00000020                   : uart.obj (.text:UARTDisable)
                  00000aa4    0000001c     rtsv7M4_T_le_v4SPD16_eabi.lib : copy_zero_init.c.obj (.text:decompress:ZI:__TI_zero_init_nomemset:__TI_zero_init_nomemset)
                  00000ac0    00000018     driverlib.lib : gpio.obj (.text:GPIOPinTypeGPIOOutput)
                  00000ad8    00000014                   : uart.obj (.text:UARTEnable)
                  00000aec    00000012                   : gpio.obj (.text:GPIOPinTypeUART)
                  00000afe    00000012                   : timer.obj (.text:TimerLoadSet)
                  00000b10    00000010                   : interrupt.obj (.text:IntMasterEnable)
                  00000b20    0000000e                   : timer.obj (.text:TimerEnable)
                  00000b2e    0000000c                   : cpu.obj (.text:CPUcpsie)
                  00000b3a    0000000c     tm4c123gh6pm_startup_ccs.obj (.text)
                  00000b46    0000000a     driverlib.lib : uart.obj (.text:UARTCharGet)
                  00000b50    0000000a                   : uart.obj (.text:UARTCharPut)
                  00000b5a    0000000a                   : uart.obj (.text:UARTIntStatus)
                  00000b64    00000008                   : timer.obj (.text:TimerIntEnable)
                  00000b6c    00000008                   : uart.obj (.text:UARTIntEnable)
                  00000b74    00000006                   : gpio.obj (.text:GPIOPinWrite)
                  00000b7a    00000006                   : sysctl.obj (.text:SysCtlDelay)
                  00000b80    00000004                   : timer.obj (.text:TimerIntClear)
                  00000b84    00000004                   : uart.obj (.text:UARTIntClear)
                  00000b88    00000004     rtsv7M4_T_le_v4SPD16_eabi.lib : pre_init.c.obj (.text:_system_pre_init)
                  00000b8c    00000004                                   : exit.c.obj (.text:abort:abort)

.const     0    00000b90    000000dc     
                  00000b90    00000070     driverlib.lib : interrupt.obj (.const)
                  00000c00    0000006c                   : sysctl.obj (.const:g_pui32Xtals)

.cinit     0    00000c70    00000014     
                  00000c70    00000008     (.cinit..bss.load) [load image, compression = zero_init]
                  00000c78    00000004     (__TI_handler_table)
                  00000c7c    00000008     (__TI_cinit_table)

.init_array 
*          0    00000000    00000000     UNINITIALIZED

.bss       0    20000200    00000014     UNINITIALIZED
                  20000200    00000004     (.common:LedB)
                  20000204    00000004     (.common:LedG)
                  20000208    00000004     (.common:LedR)
                  2000020c    00000004     (.common:Status)
                  20000210    00000004     (.common:input)

.stack     0    20000000    00000200     UNINITIALIZED
                  20000000    00000004     rtsv7M4_T_le_v4SPD16_eabi.lib : boot_cortex_m.c.obj (.stack)
                  20000004    000001fc     --HOLE--

__llvm_prf_cnts 
*          0    20000000    00000000     UNINITIALIZED

MODULE SUMMARY

       Module                         code   ro data   rw data
       ------                         ----   -------   -------
    .\
       main.obj                       760    0         20     
       tm4c123gh6pm_startup_ccs.obj   12     620       0      
    +--+------------------------------+------+---------+---------+
       Total:                         772    620       20     
                                                              
    C:/ti/TivaWare_C_Series-2.1.4.178/driverlib/ccs/Debug/driverlib.lib
       sysctl.obj                     574    108       0      
       gpio.obj                       396    0         0      
       interrupt.obj                  120    112       0      
       uart.obj                       164    0         0      
       timer.obj                      140    0         0      
       cpu.obj                        12     0         0      
    +--+------------------------------+------+---------+---------+
       Total:                         1406   220       0      
                                                              
    C:\ti\ccs1031\ccs\tools\compiler\ti-cgt-arm_20.2.5.LTS\lib\rtsv7M4_T_le_v4SPD16_eabi.lib
       autoinit.c.obj                 68     0         0      
       boot_cortex_m.c.obj            52     0         0      
       copy_zero_init.c.obj           28     0         0      
       exit.c.obj                     4      0         0      
       pre_init.c.obj                 4      0         0      
    +--+------------------------------+------+---------+---------+
       Total:                         156    0         0      
                                                              
       Stack:                         0      0         512    
       Linker Generated:              0      20        0      
    +--+------------------------------+------+---------+---------+
       Grand Total:                   2334   860       532    


LINKER GENERATED COPY TABLES

__TI_cinit_table @ 00000c7c records: 1, size/record: 8, table size: 8
	.bss: load addr=00000c70, load size=00000008 bytes, run addr=20000200, run size=00000014 bytes, compression=zero_init


LINKER GENERATED HANDLER TABLE

__TI_handler_table @ 00000c78 records: 1, size/record: 4, table size: 4
	index: 0, handler: __TI_zero_init


GLOBAL SYMBOLS: SORTED ALPHABETICALLY BY Name 

address   name                          
-------   ----                          
00000b8d  C$$EXIT                       
00000b2f  CPUcpsie                      
00000a59  GPIODirModeSet                
00000565  GPIOPadConfigSet              
00000ac1  GPIOPinTypeGPIOOutput         
00000aed  GPIOPinTypeUART               
00000b75  GPIOPinWrite                  
0000089d  IntEnable                     
00000b11  IntMasterEnable               
20000200  LedB                          
20000204  LedG                          
20000208  LedR                          
00000b3b  ResetISR                      
2000020c  Status                        
00000699  SysCtlClockGet                
000007a9  SysCtlClockSet                
00000b7b  SysCtlDelay                   
000009f1  SysCtlPeripheralEnable        
000004c9  Timer0IntHandler              
00000905  TimerConfigure                
00000b21  TimerEnable                   
00000b81  TimerIntClear                 
00000b65  TimerIntEnable                
00000aff  TimerLoadSet                  
00000b47  UARTCharGet                   
00000b51  UARTCharPut                   
00000965  UARTConfigSetExpClk           
00000a85  UARTDisable                   
00000ad9  UARTEnable                    
00000b85  UARTIntClear                  
00000b6d  UARTIntEnable                 
0000026d  UARTIntHandler                
00000b5b  UARTIntStatus                 
20000200  __STACK_END                   
00000200  __STACK_SIZE                  
20000200  __STACK_TOP                   
00000c7c  __TI_CINIT_Base               
00000c84  __TI_CINIT_Limit              
00000c78  __TI_Handler_Table_Base       
00000c7c  __TI_Handler_Table_Limit      
000009ad  __TI_auto_init_nobinit_nopinit
ffffffff  __TI_pprof_out_hndl           
ffffffff  __TI_prof_data_size           
ffffffff  __TI_prof_data_start          
00000000  __TI_static_base__            
00000aa5  __TI_zero_init_nomemset       
ffffffff  __binit__                     
ffffffff  __c_args__                    
UNDEFED   __mpu_init                    
20000000  __stack                       
20000000  __start___llvm_prf_cnts       
20000000  __stop___llvm_prf_cnts        
00000a25  _c_int00_noargs               
UNDEFED   _system_post_cinit            
00000b89  _system_pre_init              
00000b8d  abort                         
ffffffff  binit                         
00000000  g_pfnVectors                  
20000210  input                         
0000043f  main                          


GLOBAL SYMBOLS: SORTED BY Symbol Address 

address   name                          
-------   ----                          
00000000  __TI_static_base__            
00000000  g_pfnVectors                  
00000200  __STACK_SIZE                  
0000026d  UARTIntHandler                
0000043f  main                          
000004c9  Timer0IntHandler              
00000565  GPIOPadConfigSet              
00000699  SysCtlClockGet                
000007a9  SysCtlClockSet                
0000089d  IntEnable                     
00000905  TimerConfigure                
00000965  UARTConfigSetExpClk           
000009ad  __TI_auto_init_nobinit_nopinit
000009f1  SysCtlPeripheralEnable        
00000a25  _c_int00_noargs               
00000a59  GPIODirModeSet                
00000a85  UARTDisable                   
00000aa5  __TI_zero_init_nomemset       
00000ac1  GPIOPinTypeGPIOOutput         
00000ad9  UARTEnable                    
00000aed  GPIOPinTypeUART               
00000aff  TimerLoadSet                  
00000b11  IntMasterEnable               
00000b21  TimerEnable                   
00000b2f  CPUcpsie                      
00000b3b  ResetISR                      
00000b47  UARTCharGet                   
00000b51  UARTCharPut                   
00000b5b  UARTIntStatus                 
00000b65  TimerIntEnable                
00000b6d  UARTIntEnable                 
00000b75  GPIOPinWrite                  
00000b7b  SysCtlDelay                   
00000b81  TimerIntClear                 
00000b85  UARTIntClear                  
00000b89  _system_pre_init              
00000b8d  C$$EXIT                       
00000b8d  abort                         
00000c78  __TI_Handler_Table_Base       
00000c7c  __TI_CINIT_Base               
00000c7c  __TI_Handler_Table_Limit      
00000c84  __TI_CINIT_Limit              
20000000  __stack                       
20000000  __start___llvm_prf_cnts       
20000000  __stop___llvm_prf_cnts        
20000200  LedB                          
20000200  __STACK_END                   
20000200  __STACK_TOP                   
20000204  LedG                          
20000208  LedR                          
2000020c  Status                        
20000210  input                         
ffffffff  __TI_pprof_out_hndl           
ffffffff  __TI_prof_data_size           
ffffffff  __TI_prof_data_start          
ffffffff  __binit__                     
ffffffff  __c_args__                    
ffffffff  binit                         
UNDEFED   __mpu_init                    
UNDEFED   _system_post_cinit            

[60 symbols]
